Component: ARM Compiler 5.05 update 1 (build 106) Tool: armlink [4d0efa]

==============================================================================

Section Cross References

    main.o(.text) refers to init.o(.text) for All_Init
    main.o(.text) refers to scheduler.o(.text) for Duty_Loop
    main.o(.text) refers to main.o(.data) for Init_Finish
    stm32f4xx_it.o(.text) refers to time.o(.text) for sys_time
    stm32f4xx_it.o(.text) refers to pwm_in.o(.text) for _TIM3_IRQHandler
    stm32f4xx_it.o(.text) refers to usart.o(.text) for Usart2_IRQ
    stm32f4xx_it.o(.text) refers to time.o(.data) for sysTickUptime
    scheduler.o(.text) refers to time.o(.text) for Get_Cycle_T
    scheduler.o(.text) refers to data_transfer.o(.text) for ANO_DT_Data_Exchange
    scheduler.o(.text) refers to mpu6050.o(.text) for MPU6050_Read
    scheduler.o(.text) refers to ctrl.o(.text) for CTRL_1
    scheduler.o(.text) refers to rc.o(.text) for RC_Duty
    scheduler.o(.text) refers to imu.o(.text) for IMUupdate
    scheduler.o(.text) refers to ak8975.o(.text) for ANO_AK8975_Read
    scheduler.o(.text) refers to parameter.o(.text) for Parameter_Save
    scheduler.o(.text) refers to led.o(.text) for LED_Duty
    scheduler.o(.text) refers to ultrasonic.o(.text) for Ultra_Duty
    scheduler.o(.text) refers to myctrl.o(.text) for Safety_Belt
    scheduler.o(.text) refers to scheduler.o(.bss) for loop
    scheduler.o(.text) refers to pwm_in.o(.bss) for Rc_Pwm_In
    scheduler.o(.text) refers to mpu6050.o(.bss) for mpu6050
    scheduler.o(.text) refers to imu.o(.data) for Yaw
    scheduler.o(.text) refers to time.o(.data) for time_1ms
    scheduler.o(.text) refers to scheduler.o(.data) for loop_cnt
    init.o(.text) refers to misc.o(.text) for NVIC_PriorityGroupConfig
    init.o(.text) refers to time.o(.text) for SysTick_Configuration
    init.o(.text) refers to i2c_soft.o(.text) for I2c_Soft_Init
    init.o(.text) refers to pwm_in.o(.text) for PWM_IN_Init
    init.o(.text) refers to pwm_out.o(.text) for PWM_Out_Init
    init.o(.text) refers to mpu6050.o(.text) for MPU6050_Init
    init.o(.text) refers to led.o(.text) for LED_Init
    init.o(.text) refers to usart.o(.text) for Usart2_Init
    init.o(.text) refers to parameter.o(.text) for Para_Init
    init.o(.text) refers to ultrasonic.o(.text) for Ultrasonic_Init
    init.o(.text) refers to ak8975.o(.text) for ANO_AK8975_Run
    init.o(.text) refers to ak8975.o(.data) for ak8975_ok
    init.o(.text) refers to mpu6050.o(.data) for mpu6050_ok
    parameter.o(.text) refers to ctrl.o(.text) for Ctrl_Para_Init
    parameter.o(.text) refers to height_ctrl.o(.text) for Ultra_PID_Init
    parameter.o(.text) refers to mpu6050.o(.bss) for mpu6050
    parameter.o(.text) refers to parameter.o(.bss) for sensor_setup
    parameter.o(.text) refers to ak8975.o(.data) for ak8975
    parameter.o(.text) refers to ctrl.o(.bss) for ctrl_1
    parameter.o(.text) refers to data_transfer.o(.data) for flash_save_en_cnt
    parameter.o(.text) refers to rc.o(.data) for fly_ready
    ctrl.o(.text) refers to mymath.o(.text) for my_deathzoom
    ctrl.o(.text) refers to f2d.o(.text) for __aeabi_f2d
    ctrl.o(.text) refers to dmul.o(.text) for __aeabi_dmul
    ctrl.o(.text) refers to dadd.o(.text) for __aeabi_dadd
    ctrl.o(.text) refers to d2f.o(.text) for __aeabi_d2f
    ctrl.o(.text) refers to ctrl.o(.bss) for ctrl_1
    ctrl.o(.text) refers to rc.o(.bss) for CH_filter
    ctrl.o(.text) refers to ctrl.o(.data) for Thr_Low
    ctrl.o(.text) refers to imu.o(.data) for Yaw
    ctrl.o(.text) refers to rc.o(.data) for fly_ready
    ctrl.o(.text) refers to pwm_out.o(.text) for SetPwm
    ctrl.o(.text) refers to height_ctrl.o(.text) for My_Height_Ctrl
    ctrl.o(.text) refers to height_ctrl.o(.data) for height_ctrl_out
    ctrl.o(.text) refers to mpu6050.o(.bss) for mpu6050
    imu.o(.text) refers to mymath.o(.text) for my_sqrt
    imu.o(.text) refers to filter.o(.text) for simple_3d_trans
    imu.o(.text) refers to ak8975.o(.data) for ak8975
    imu.o(.text) refers to imu.o(.data) for mag_norm_xyz
    imu.o(.text) refers to imu.o(.bss) for mag_tmp
    imu.o(.text) refers to f2d.o(.text) for __aeabi_f2d
    imu.o(.text) refers to asin.o(i.__hardfp_asin) for __hardfp_asin
    imu.o(.text) refers to dmul.o(.text) for __aeabi_dmul
    imu.o(.text) refers to d2f.o(.text) for __aeabi_d2f
    imu.o(.text) refers to rc.o(.data) for fly_ready
    mymath.o(.text) refers to cdcmple.o(.text) for __aeabi_cdcmple
    mymath.o(.text) refers to dmul.o(.text) for __aeabi_dmul
    mymath.o(.text) refers to dadd.o(.text) for __aeabi_dadd
    mymath.o(.text) refers to cdrcmple.o(.text) for __aeabi_cdrcmple
    mymath.o(.text) refers to dflti.o(.text) for __aeabi_i2d
    mymath.o(.text) refers to d2f.o(.text) for __aeabi_d2f
    mymath.o(.text) refers to mymath.o(.data) for fast_atan_table
    rc.o(.text) refers to rc.o(.data) for CH_in_Mapping
    rc.o(.text) refers to rc.o(.bss) for CH_filter
[...]
    init.s                                   0x00000000   Number         0  init.o ABSOLUTE
    RESET                                    0x08000000   Section      392  startup_stm32f4xx.o(RESET)
    .ARM.Collect$$$$00000000                 0x08000188   Section        0  entry.o(.ARM.Collect$$$$00000000)
    .ARM.Collect$$$$00000001                 0x08000188   Section        4  entry2.o(.ARM.Collect$$$$00000001)
    .ARM.Collect$$$$00000004                 0x0800018c   Section        4  entry5.o(.ARM.Collect$$$$00000004)
    .ARM.Collect$$$$00000008                 0x08000190   Section        0  entry7b.o(.ARM.Collect$$$$00000008)
    .ARM.Collect$$$$0000000A                 0x08000190   Section        0  entry8b.o(.ARM.Collect$$$$0000000A)
    .ARM.Collect$$$$0000000B                 0x08000190   Section        8  entry9a.o(.ARM.Collect$$$$0000000B)
    .ARM.Collect$$$$0000000D                 0x08000198   Section        0  entry10a.o(.ARM.Collect$$$$0000000D)
    .ARM.Collect$$$$0000000F                 0x08000198   Section        0  entry11a.o(.ARM.Collect$$$$0000000F)
    .ARM.Collect$$$$00002712                 0x08000198   Section        4  entry2.o(.ARM.Collect$$$$00002712)
    __lit__00000000                          0x08000198   Data           4  entry2.o(.ARM.Collect$$$$00002712)
    .text                                    0x0800019c   Section        0  main.o(.text)
    .text                                    0x080001b4   Section        0  stm32f4xx_it.o(.text)
    .text                                    0x080001fc   Section        0  scheduler.o(.text)
    .text                                    0x08000434   Section        0  init.o(.text)
    .text                                    0x080004ac   Section        0  parameter.o(.text)
    Param_SetSettingToFC                     0x080004ad   Thumb Code   186  parameter.o(.text)
    .text                                    0x080007f0   Section        0  ctrl.o(.text)
    .text                                    0x08001a10   Section        0  imu.o(.text)
    .text                                    0x080022e8   Section        0  mymath.o(.text)
    .text                                    0x08002850   Section        0  rc.o(.text)
    .text                                    0x08002df4   Section        0  data_transfer.o(.text)
    ANO_DT_Send_Check                        0x08004091   Thumb Code    62  data_transfer.o(.text)
    .text                                    0x0800497c   Section        0  filter.o(.text)
    .text                                    0x08004bf0   Section        0  myctrl.o(.text)
    .text                                    0x08004e48   Section        0  height_ctrl.o(.text)
    .text                                    0x080050ac   Section        0  time.o(.text)
    .text                                    0x08005330   Section        0  pwm_in.o(.text)
    .text                                    0x080059f4   Section        0  pwm_out.o(.text)
    .text                                    0x08005d74   Section        0  i2c_soft.o(.text)
    .text                                    0x0800611c   Section        0  mpu6050.o(.text)
    .text                                    0x08006998   Section        0  ak8975.o(.text)
    .text                                    0x08006df0   Section        0  led.o(.text)
    .text                                    0x08006e74   Section        0  usart.o(.text)
    .text                                    0x080071a0   Section        0  ultrasonic.o(.text)
    .text                                    0x08007264   Section        0  misc.o(.text)
    .text                                    0x08007450   Section        0  stm32f4xx_gpio.o(.text)
    .text                                    0x08007d68   Section        0  stm32f4xx_rcc.o(.text)
    .text                                    0x08008ae4   Section        0  stm32f4xx_tim.o(.text)
    TI4_Config                               0x0800a801   Thumb Code   128  stm32f4xx_tim.o(.text)
    TI3_Config                               0x0800a8e3   Thumb Code    72  stm32f4xx_tim.o(.text)
    TI2_Config                               0x0800a9a1   Thumb Code    80  stm32f4xx_tim.o(.text)
    TI1_Config                               0x0800aa77   Thumb Code    58  stm32f4xx_tim.o(.text)
    .text                                    0x0800bd78   Section        0  stm32f4xx_usart.o(.text)
    .text                                    0x0800cc2c   Section        0  system_stm32f4xx.o(.text)
    SetSysClock                              0x0800cc2d   Thumb Code   220  system_stm32f4xx.o(.text)
    .text                                    0x0800ce3c   Section       36  startup_stm32f4xx.o(.text)
    $v0                                      0x0800ce3c   Number         0  startup_stm32f4xx.o(.text)
    .text                                    0x0800ce60   Section        0  memseta.o(.text)
    .text                                    0x0800ce84   Section        0  dadd.o(.text)
    .text                                    0x0800cfd2   Section        0  dmul.o(.text)
    .text                                    0x0800d0b6   Section        0  dflti.o(.text)
    .text                                    0x0800d0d8   Section        0  f2d.o(.text)
    .text                                    0x0800d100   Section       48  cdcmple.o(.text)
    .text                                    0x0800d130   Section       48  cdrcmple.o(.text)
    .text                                    0x0800d160   Section        0  d2f.o(.text)
    .text                                    0x0800d198   Section        0  llshl.o(.text)
    .text                                    0x0800d1b6   Section        0  llsshr.o(.text)
    .text                                    0x0800d1da   Section        0  fepilogue.o(.text)
    .text                                    0x0800d1da   Section        0  iusefp.o(.text)
    .text                                    0x0800d248   Section        0  depilogue.o(.text)
    .text                                    0x0800d302   Section        0  ddiv.o(.text)
    .text                                    0x0800d3e0   Section       36  init.o(.text)
    .text                                    0x0800d404   Section        0  llushr.o(.text)
    .text                                    0x0800d424   Section        0  dsqrt.o(.text)
    .text                                    0x0800d4c6   Section        0  __dczerorl2.o(.text)
    i.__ARM_fpclassify                       0x0800d51c   Section        0  fpclassify.o(i.__ARM_fpclassify)
    i.__hardfp_asin                          0x0800d550   Section        0  asin.o(i.__hardfp_asin)
    i.__kernel_poly                          0x0800d8b0   Section        0  poly.o(i.__kernel_poly)
    i.__mathlib_dbl_infnan                   0x0800d9a8   Section        0  dunder.o(i.__mathlib_dbl_infnan)
    i.__mathlib_dbl_invalid                  0x0800d9c0   Section        0  dunder.o(i.__mathlib_dbl_invalid)
    i.__mathlib_dbl_underflow                0x0800d9e0   Section        0  dunder.o(i.__mathlib_dbl_underflow)
    i.__scatterload_copy                     0x0800da00   Section       14  handlers.o(i.__scatterload_copy)
    i.__scatterload_null                     0x0800da0e   Section        2  handlers.o(i.__scatterload_null)
    i.__scatterload_zeroinit                 0x0800da10   Section       14  handlers.o(i.__scatterload_zeroinit)
    i.__set_errno                            0x0800da20   Section        0  errno.o(i.__set_errno)
    i.fabs                                   0x0800da2c   Section        0  fabs.o(i.fabs)
    i.sqrt                                   0x0800da44   Section        0  sqrt.o(i.sqrt)
    .constdata                               0x0800dab8   Section       80  asin.o(.constdata)
    pS                                       0x0800dab8   Data          48  asin.o(.constdata)
    qS                                       0x0800dae8   Data          32  asin.o(.constdata)
    .data                                    0x20000000   Section        1  main.o(.data)
    .data                                    0x20000004   Section       14  scheduler.o(.data)
    thr_landing                              0x20000004   Data           4  scheduler.o(.data)
    thr_height_direct_ctrl                   0x20000008   Data           4  scheduler.o(.data)
    thr_soft_landing                         0x2000000c   Data           4  scheduler.o(.data)
    .data                                    0x20000014   Section       20  ctrl.o(.data)
    thr                                      0x20000020   Data           4  ctrl.o(.data)
    Thr_tmp                                  0x20000024   Data           4  ctrl.o(.data)
    .data                                    0x20000028   Section       56  imu.o(.data)
    yaw_correct                              0x20000058   Data           4  imu.o(.data)
    yaw_mag                                  0x2000005c   Data           4  imu.o(.data)
    .data                                    0x20000060   Section     1028  mymath.o(.data)
    .data                                    0x20000464   Section       70  rc.o(.data)
    .data                                    0x200004ac   Section       27  data_transfer.o(.data)
    thr_landing                              0x200004ac   Data           4  data_transfer.o(.data)
    thr_height_direct_ctrl                   0x200004b0   Data           4  data_transfer.o(.data)
    thr_soft_landing                         0x200004b4   Data           4  data_transfer.o(.data)
    cnt                                      0x200004ba   Data           1  data_transfer.o(.data)
    senser_cnt                               0x200004bb   Data           1  data_transfer.o(.data)
    senser2_cnt                              0x200004bc   Data           1  data_transfer.o(.data)
    user_cnt                                 0x200004bd   Data           1  data_transfer.o(.data)
    status_cnt                               0x200004be   Data           1  data_transfer.o(.data)
    rcdata_cnt                               0x200004bf   Data           1  data_transfer.o(.data)
    motopwm_cnt                              0x200004c0   Data           1  data_transfer.o(.data)
    power_cnt                                0x200004c1   Data           1  data_transfer.o(.data)
    speed_cnt                                0x200004c2   Data           1  data_transfer.o(.data)
    location_cnt                             0x200004c3   Data           1  data_transfer.o(.data)
    _data_len                                0x200004c4   Data           1  data_transfer.o(.data)
    _data_cnt                                0x200004c5   Data           1  data_transfer.o(.data)
    state                                    0x200004c6   Data           1  data_transfer.o(.data)
    .data                                    0x200004c8   Section       20  filter.o(.data)
    pn                                       0x200004d2   Data           1  filter.o(.data)
    h_tmp_x                                  0x200004d4   Data           4  filter.o(.data)
    h_tmp_y                                  0x200004d8   Data           4  filter.o(.data)
    .data                                    0x200004dc   Section       84  myctrl.o(.data)
    thr_landing                              0x200004dc   Data           4  myctrl.o(.data)
    thr_height_direct_ctrl                   0x200004e0   Data           4  myctrl.o(.data)
    thr_soft_landing                         0x200004e4   Data           4  myctrl.o(.data)
    .data                                    0x20000530   Section       68  height_ctrl.o(.data)
    .data                                    0x20000574   Section       20  time.o(.data)
    .data                                    0x20000588   Section       32  pwm_in.o(.data)
    temp_cnt1                                0x20000588   Data           2  pwm_in.o(.data)
    temp_cnt1_2                              0x2000058a   Data           2  pwm_in.o(.data)
    temp_cnt2                                0x2000058c   Data           2  pwm_in.o(.data)
    temp_cnt2_2                              0x2000058e   Data           2  pwm_in.o(.data)
    temp_cnt3                                0x20000590   Data           2  pwm_in.o(.data)
    temp_cnt3_2                              0x20000592   Data           2  pwm_in.o(.data)
    temp_cnt4                                0x20000594   Data           2  pwm_in.o(.data)
    temp_cnt4_2                              0x20000596   Data           2  pwm_in.o(.data)
    temp_cnt1                                0x20000598   Data           2  pwm_in.o(.data)
    temp_cnt1_2                              0x2000059a   Data           2  pwm_in.o(.data)
    temp_cnt2                                0x2000059c   Data           2  pwm_in.o(.data)
    temp_cnt2_2                              0x2000059e   Data           2  pwm_in.o(.data)
    temp_cnt3                                0x200005a0   Data           2  pwm_in.o(.data)
    temp_cnt3_2                              0x200005a2   Data           2  pwm_in.o(.data)
    temp_cnt4                                0x200005a4   Data           2  pwm_in.o(.data)
    temp_cnt4_2                              0x200005a6   Data           2  pwm_in.o(.data)
    .data                                    0x200005a8   Section        4  pwm_out.o(.data)
    .data                                    0x200005ac   Section        1  i2c_soft.o(.data)
    .data                                    0x200005b0   Section       28  mpu6050.o(.data)
    .data                                    0x200005cc   Section       74  ak8975.o(.data)
    MagMAX                                   0x200005fc   Data          12  ak8975.o(.data)
    MagMIN                                   0x20000608   Data          12  ak8975.o(.data)
    cnt_m                                    0x20000614   Data           2  ak8975.o(.data)
    .data                                    0x20000616   Section        1  led.o(.data)
    .data                                    0x20000617   Section        4  usart.o(.data)
    .data                                    0x2000061c   Section       11  ultrasonic.o(.data)
    ultra_tmp                                0x20000626   Data           1  ultrasonic.o(.data)
    .data                                    0x20000627   Section       16  stm32f4xx_rcc.o(.data)
    APBAHBPrescTable                         0x20000627   Data          16  stm32f4xx_rcc.o(.data)
    .data                                    0x20000638   Section       20  system_stm32f4xx.o(.data)
    .data                                    0x2000064c   Section        4  errno.o(.data)
    _errno                                   0x2000064c   Data           4  errno.o(.data)
    .bss                                     0x20000650   Section       48  scheduler.o(.bss)
    thr_height_direct_ctrl_pid               0x20000650   Data          12  scheduler.o(.bss)
    .bss                                     0x20000680   Section      256  parameter.o(.bss)
    .bss                                     0x20000780   Section      516  ctrl.o(.bss)
    .bss                                     0x20000984   Section       96  imu.o(.bss)
    mag_tmp                                  0x200009d8   Data          12  imu.o(.bss)
    .bss                                     0x200009e4   Section      176  rc.o(.bss)
    Mapped_CH                                0x20000a84   Data          16  rc.o(.bss)
    .bss                                     0x20000a94   Section      146  data_transfer.o(.bss)
    thr_height_direct_ctrl_pid               0x20000a94   Data          12  data_transfer.o(.bss)
    RxBuffer                                 0x20000af4   Data          50  data_transfer.o(.bss)
    .bss                                     0x20000b28   Section       88  filter.o(.bss)
    .bss                                     0x20000b80   Section       12  myctrl.o(.bss)
    thr_height_direct_ctrl_pid               0x20000b80   Data          12  myctrl.o(.bss)
    .bss                                     0x20000b8c   Section       56  height_ctrl.o(.bss)
    .bss                                     0x20000bc4   Section       60  time.o(.bss)
    .bss                                     0x20000c00   Section       16  pwm_in.o(.bss)
    .bss                                     0x20000c10   Section      384  mpu6050.o(.bss)
    .bss                                     0x20000d90   Section       12  ak8975.o(.bss)
    MagSum                                   0x20000d90   Data          12  ak8975.o(.bss)
    .bss                                     0x20000d9c   Section      768  usart.o(.bss)
    STACK                                    0x200010a0   Section     2048  startup_stm32f4xx.o(STACK)

    Global Symbols

    Symbol Name                              Value     Ov Type        Size  Object(Section)

    BuildAttributes$$THM_ISAv4$E$P$D$K$B$S$7EM$VFPi3$EXTD16$VFPS$VFMA$PE$A:L22UL41UL21$X:L11$S22US41US21$IEEE1$IW$USESV6$~STKCKD$USESV7$~SHL$OTIME$ROPI$IEEEX$EBA8$MICROLIB$REQ8$PRES8$EABIv2 0x00000000   Number         0  anon$$obj.o ABSOLUTE
    __ARM_use_no_argv                        0x00000000   Number         0  main.o ABSOLUTE
    __cpp_initialize__aeabi_                  - Undefined Weak Reference
    __cxa_finalize                            - Undefined Weak Reference
    _clock_init                               - Undefined Weak Reference
    _microlib_exit                            - Undefined Weak Reference
    __Vectors_Size                           0x00000188   Number         0  startup_stm32f4xx.o ABSOLUTE
    __Vectors                                0x08000000   Data           4  startup_stm32f4xx.o(RESET)
    __Vectors_End                            0x08000188   Data           0  startup_stm32f4xx.o(RESET)
    __main                                   0x08000189   Thumb Code     0  entry.o(.ARM.Collect$$$$00000000)
    _main_stk                                0x08000189   Thumb Code     0  entry2.o(.ARM.Collect$$$$00000001)
    _main_scatterload                        0x0800018d   Thumb Code     0  entry5.o(.ARM.Collect$$$$00000004)
    __main_after_scatterload                 0x08000191   Thumb Code     0  entry5.o(.ARM.Collect$$$$00000004)
    _main_clock                              0x08000191   Thumb Code     0  entry7b.o(.ARM.Collect$$$$00000008)
    _main_cpp_init                           0x08000191   Thumb Code     0  entry8b.o(.ARM.Collect$$$$0000000A)
    _main_init                               0x08000191   Thumb Code     0  entry9a.o(.ARM.Collect$$$$0000000B)
    __rt_final_cpp                           0x08000199   Thumb Code     0  entry10a.o(.ARM.Collect$$$$0000000D)
    __rt_final_exit                          0x08000199   Thumb Code     0  entry11a.o(.ARM.Collect$$$$0000000F)
    assert_failed                            0x0800019d   Thumb Code     4  main.o(.text)
    main                                     0x080001a1   Thumb Code    16  main.o(.text)
    NMI_Handler                              0x080001b5   Thumb Code     2  stm32f4xx_it.o(.text)
    MemManage_Handler                        0x080001b7   Thumb Code     4  stm32f4xx_it.o(.text)
    BusFault_Handler                         0x080001bb   Thumb Code     4  stm32f4xx_it.o(.text)
    UsageFault_Handler                       0x080001bf   Thumb Code     4  stm32f4xx_it.o(.text)
    SVC_Handler                              0x080001c3   Thumb Code     2  stm32f4xx_it.o(.text)
    DebugMon_Handler                         0x080001c5   Thumb Code     2  stm32f4xx_it.o(.text)
    SysTick_Handler                          0x080001c7   Thumb Code    18  stm32f4xx_it.o(.text)
    TIM3_IRQHandler                          0x080001d9   Thumb Code     8  stm32f4xx_it.o(.text)
    TIM4_IRQHandler                          0x080001e1   Thumb Code     8  stm32f4xx_it.o(.text)
    USART2_IRQHandler                        0x080001e9   Thumb Code     8  stm32f4xx_it.o(.text)
    UART5_IRQHandler                         0x080001f1   Thumb Code     8  stm32f4xx_it.o(.text)
    Loop_check                               0x080001fd   Thumb Code    86  scheduler.o(.text)
    Duty_1ms                                 0x08000253   Thumb Code    14  scheduler.o(.text)
    Duty_2ms                                 0x08000261   Thumb Code   104  scheduler.o(.text)
    Duty_5ms                                 0x080002c9   Thumb Code   154  scheduler.o(.text)
    Duty_10ms                                0x08000363   Thumb Code     8  scheduler.o(.text)
    Duty_20ms                                0x0800036b   Thumb Code     8  scheduler.o(.text)
    Duty_50ms                                0x08000373   Thumb Code    20  scheduler.o(.text)
    Duty_Loop                                0x08000387   Thumb Code   132  scheduler.o(.text)
    All_Init                                 0x08000435   Thumb Code   110  init.o(.text)
    PID_Para_Init                            0x08000567   Thumb Code    12  parameter.o(.text)
    Para_ResetToFactorySetup                 0x08000573   Thumb Code   278  parameter.o(.text)
    Para_Init                                0x08000689   Thumb Code    16  parameter.o(.text)
    Param_SaveAccelOffset                    0x08000699   Thumb Code    34  parameter.o(.text)
    Param_SaveGyroOffset                     0x080006bb   Thumb Code    36  parameter.o(.text)
    Param_SaveMagOffset                      0x080006df   Thumb Code    24  parameter.o(.text)
    Param_Save_3d_offset                     0x080006f7   Thumb Code    24  parameter.o(.text)
    Param_SavePID                            0x0800070f   Thumb Code   120  parameter.o(.text)
    Parameter_Save                           0x08000787   Thumb Code    44  parameter.o(.text)
    Ctrl_Para_Init                           0x080007f1   Thumb Code    36  ctrl.o(.text)
    CTRL_2                                   0x08000815   Thumb Code  1500  ctrl.o(.text)
    All_Out                                  0x08000df1   Thumb Code   958  ctrl.o(.text)
    Thr_Ctrl                                 0x080011af   Thumb Code   254  ctrl.o(.text)
    CTRL_1                                   0x080012ad   Thumb Code  1866  ctrl.o(.text)
    IMUupdate                                0x08001a11   Thumb Code  2258  imu.o(.text)
    my_abs                                   0x080022e9   Thumb Code    26  mymath.o(.text)
    fast_atan2                               0x08002303   Thumb Code   350  mymath.o(.text)
    my_atan                                  0x08002461   Thumb Code    24  mymath.o(.text)
    my_pow                                   0x08002479   Thumb Code    10  mymath.o(.text)
    my_sqrt                                  0x08002483   Thumb Code    88  mymath.o(.text)
    mx_sin                                   0x080024db   Thumb Code   292  mymath.o(.text)
    my_sin                                   0x080025ff   Thumb Code   108  mymath.o(.text)
    my_cos                                   0x0800266b   Thumb Code   136  mymath.o(.text)
    my_deathzoom                             0x080026f3   Thumb Code   158  mymath.o(.text)
    my_deathzoom_2                           0x08002791   Thumb Code    40  mymath.o(.text)
    To_180_degrees                           0x080027b9   Thumb Code    58  mymath.o(.text)
    my_pow_2_curve                           0x080027f3   Thumb Code    80  mymath.o(.text)
    CH_Mapping_Fun                           0x08002851   Thumb Code    28  rc.o(.text)
    Fly_Ready                                0x0800286d   Thumb Code   238  rc.o(.text)
    RC_Duty                                  0x0800295b   Thumb Code  1126  rc.o(.text)
    Feed_Rc_Dog                              0x08002dc1   Thumb Code    12  rc.o(.text)
    Mode                                     0x08002dcd   Thumb Code     2  rc.o(.text)
    ANO_DT_Send_Data                         0x08002df5   Thumb Code    16  data_transfer.o(.text)
    ANO_DT_Send_Location                     0x08002e05   Thumb Code   290  data_transfer.o(.text)
    ANO_DT_Send_PID                          0x08002f27   Thumb Code   562  data_transfer.o(.text)
    ANO_DT_Send_Power                        0x08003159   Thumb Code   148  data_transfer.o(.text)
    ANO_DT_Send_MotoPWM                      0x080031ed   Thumb Code   294  data_transfer.o(.text)
    ANO_DT_Send_RCData                       0x08003313   Thumb Code   350  data_transfer.o(.text)
    ANO_DT_Send_Senser2                      0x08003471   Thumb Code   154  data_transfer.o(.text)
    ANO_DT_Send_Senser                       0x0800350b   Thumb Code   412  data_transfer.o(.text)
    ANO_DT_Send_User                         0x080036a7   Thumb Code   294  data_transfer.o(.text)
    ANO_DT_Send_Speed                        0x080037cd   Thumb Code   242  data_transfer.o(.text)
    ANO_DT_Send_Status                       0x080038bf   Thumb Code   384  data_transfer.o(.text)
    ANO_DT_Send_Version                      0x08003a3f   Thumb Code   192  data_transfer.o(.text)
    ANO_DT_Data_Exchange                     0x08003aff   Thumb Code  1426  data_transfer.o(.text)
    ANO_DT_Data_Receive_Anl                  0x080040cf   Thumb Code  1982  data_transfer.o(.text)
    ANO_DT_Data_Receive_Prepare              0x0800488d   Thumb Code   216  data_transfer.o(.text)
    Moving_Average                           0x0800497d   Thumb Code    94  filter.o(.text)
    Moving_Median                            0x080049db   Thumb Code   236  filter.o(.text)
    simple_3d_trans                          0x08004ac7   Thumb Code   272  filter.o(.text)
    myctrl_PID_Init                          0x08004bf1   Thumb Code    28  myctrl.o(.text)
    Take_off                                 0x08004c0d   Thumb Code    66  myctrl.o(.text)
    Landing                                  0x08004c4f   Thumb Code   152  myctrl.o(.text)
    Height_Direct_Ctrl                       0x08004ce7   Thumb Code    16  myctrl.o(.text)
    Safety_Belt                              0x08004cf7   Thumb Code   236  myctrl.o(.text)
    Ultra_PID_Init                           0x08004e49   Thumb Code    62  height_ctrl.o(.text)
    PositionPID                              0x08004e87   Thumb Code   218  height_ctrl.o(.text)
    My_Height_Ctrl                           0x08004f61   Thumb Code   264  height_ctrl.o(.text)
    TIM_CONF                                 0x080050ad   Thumb Code    86  time.o(.text)
    TIM_NVIC                                 0x08005103   Thumb Code    34  time.o(.text)
    TIM_INIT                                 0x08005125   Thumb Code    20  time.o(.text)
    SysTick_Configuration                    0x08005139   Thumb Code   100  time.o(.text)
    GetSysTime_us                            0x0800519d   Thumb Code    48  time.o(.text)
    Delay_us                                 0x080051cd   Thumb Code    24  time.o(.text)
    Delay_ms                                 0x080051e5   Thumb Code    24  time.o(.text)
    sys_time                                 0x080051fd   Thumb Code   126  time.o(.text)
    Get_Cycle_T                              0x0800527b   Thumb Code   118  time.o(.text)
    Cycle_Time_Init                          0x080052f1   Thumb Code    22  time.o(.text)
    PWM_IN_Init                              0x08005331   Thumb Code   698  pwm_in.o(.text)
    _TIM3_IRQHandler                         0x080055eb   Thumb Code   526  pwm_in.o(.text)
    _TIM4_IRQHandler                         0x080057f9   Thumb Code   450  pwm_in.o(.text)
    PWM_Out_Init                             0x080059f5   Thumb Code   706  pwm_out.o(.text)
    CH_out_Mapping_Fun                       0x08005cb7   Thumb Code    28  pwm_out.o(.text)
    SetPwm                                   0x08005cd3   Thumb Code   124  pwm_out.o(.text)
    I2c_Soft_delay                           0x08005d75   Thumb Code    42  i2c_soft.o(.text)
    I2c_Soft_Init                            0x08005d9f   Thumb Code    46  i2c_soft.o(.text)
    I2c_Soft_Start                           0x08005dcd   Thumb Code    86  i2c_soft.o(.text)
    I2c_Soft_Stop                            0x08005e23   Thumb Code    52  i2c_soft.o(.text)
    I2c_Soft_Ask                             0x08005e57   Thumb Code    52  i2c_soft.o(.text)
    I2c_Soft_NoAsk                           0x08005e8b   Thumb Code    52  i2c_soft.o(.text)
    I2c_Soft_WaitAsk                         0x08005ebf   Thumb Code    88  i2c_soft.o(.text)
    I2c_Soft_SendByte                        0x08005f17   Thumb Code    84  i2c_soft.o(.text)
    I2c_Soft_ReadByte                        0x08005f6b   Thumb Code    96  i2c_soft.o(.text)
    IIC_Write_1Byte                          0x08005fcb   Thumb Code    62  i2c_soft.o(.text)
    IIC_Read_1Byte                           0x08006009   Thumb Code    80  i2c_soft.o(.text)
    IIC_Write_nByte                          0x08006059   Thumb Code    78  i2c_soft.o(.text)
    IIC_Read_nByte                           0x080060a7   Thumb Code   108  i2c_soft.o(.text)
    MPU6050_Read                             0x0800611d   Thumb Code    22  mpu6050.o(.text)
    IICwriteBit                              0x08006133   Thumb Code    78  mpu6050.o(.text)
    IICwriteBits                             0x08006181   Thumb Code   102  mpu6050.o(.text)
    MPU6050_set_SMPLRT_DIV                   0x080061e7   Thumb Code    28  mpu6050.o(.text)
    MPU6050_setClockSource                   0x08006203   Thumb Code    20  mpu6050.o(.text)
    MPU6050_setFullScaleGyroRange            0x08006217   Thumb Code    36  mpu6050.o(.text)
    MPU6050_setFullScaleAccelRange           0x0800623b   Thumb Code    36  mpu6050.o(.text)
    MPU6050_setSleepEnabled                  0x0800625f   Thumb Code    18  mpu6050.o(.text)
    MPU6050_setI2CMasterModeEnabled          0x08006271   Thumb Code    18  mpu6050.o(.text)
    MPU6050_setI2CBypassEnabled              0x08006283   Thumb Code    18  mpu6050.o(.text)
    MPU6050_setDLPF                          0x08006295   Thumb Code    20  mpu6050.o(.text)
    MPU6050_INT_Config                       0x080062a9   Thumb Code    56  mpu6050.o(.text)
    MPU6050_Init                             0x080062e1   Thumb Code   184  mpu6050.o(.text)
    MPU6050_Data_Offset                      0x08006399   Thumb Code   482  mpu6050.o(.text)
    Transform                                0x0800657b   Thumb Code    14  mpu6050.o(.text)
    MPU6050_Data_Prepare                     0x08006589   Thumb Code  1040  mpu6050.o(.text)
    ANO_AK8975_Run                           0x08006999   Thumb Code    22  ak8975.o(.text)
    XYZ_STRUCT_COPY                          0x080069af   Thumb Code    40  ak8975.o(.text)
    ANO_AK8975_CalOffset_Mag                 0x080069d7   Thumb Code   750  ak8975.o(.text)
    ANO_AK8975_Read_Mag_Data                 0x08006cc5   Thumb Code   272  ak8975.o(.text)
    ANO_AK8975_Get_Mag                       0x08006dd5   Thumb Code    16  ak8975.o(.text)
    ANO_AK8975_Read                          0x08006de5   Thumb Code     8  ak8975.o(.text)
    LED_Init                                 0x08006df1   Thumb Code    50  led.o(.text)
    LED_Duty                                 0x08006e23   Thumb Code    44  led.o(.text)
    LED_MPU_Err                              0x08006e4f   Thumb Code    14  led.o(.text)
    LED_Mag_Err                              0x08006e5d   Thumb Code    14  led.o(.text)
    Usart2_Init                              0x08006e75   Thumb Code   230  usart.o(.text)
    Usart2_IRQ                               0x08006f5b   Thumb Code   120  usart.o(.text)
    Usart2_Send                              0x08006fd3   Thumb Code    62  usart.o(.text)
    Uart5_Init                               0x08007011   Thumb Code   206  usart.o(.text)
    Uart5_IRQ                                0x080070df   Thumb Code    94  usart.o(.text)
    Uart5_Send                               0x0800713d   Thumb Code    60  usart.o(.text)
    Ultrasonic_Init                          0x080071a1   Thumb Code    12  ultrasonic.o(.text)
    Ultra_Duty                               0x080071ad   Thumb Code    56  ultrasonic.o(.text)
    Ultra_Get                                0x080071e5   Thumb Code    98  ultrasonic.o(.text)
    NVIC_PriorityGroupConfig                 0x08007265   Thumb Code    54  misc.o(.text)
    NVIC_Init                                0x0800729b   Thumb Code   164  misc.o(.text)
    NVIC_SetVectorTable                      0x0800733f   Thumb Code    60  misc.o(.text)
    NVIC_SystemLPConfig                      0x0800737b   Thumb Code    78  misc.o(.text)
    SysTick_CLKSourceConfig                  0x080073c9   Thumb Code    62  misc.o(.text)
    GPIO_DeInit                              0x08007451   Thumb Code   284  stm32f4xx_gpio.o(.text)
    GPIO_Init                                0x0800756d   Thumb Code   342  stm32f4xx_gpio.o(.text)
    GPIO_StructInit                          0x080076c3   Thumb Code    18  stm32f4xx_gpio.o(.text)
    GPIO_PinLockConfig                       0x080076d5   Thumb Code   122  stm32f4xx_gpio.o(.text)
    GPIO_ReadInputDataBit                    0x0800774f   Thumb Code   182  stm32f4xx_gpio.o(.text)
    GPIO_ReadInputData                       0x08007805   Thumb Code   174  stm32f4xx_gpio.o(.text)
    GPIO_ReadOutputDataBit                   0x080078b3   Thumb Code   186  stm32f4xx_gpio.o(.text)
    GPIO_ReadOutputData                      0x0800796d   Thumb Code    78  stm32f4xx_gpio.o(.text)
    GPIO_SetBits                             0x080079bb   Thumb Code    98  stm32f4xx_gpio.o(.text)
    GPIO_ResetBits                           0x08007a1d   Thumb Code    98  stm32f4xx_gpio.o(.text)
    GPIO_WriteBit                            0x08007a7f   Thumb Code   200  stm32f4xx_gpio.o(.text)
    GPIO_Write                               0x08007b47   Thumb Code    78  stm32f4xx_gpio.o(.text)
    GPIO_ToggleBits                          0x08007b95   Thumb Code    82  stm32f4xx_gpio.o(.text)
    GPIO_PinAFConfig                         0x08007be7   Thumb Code   384  stm32f4xx_gpio.o(.text)
    RCC_DeInit                               0x08007d69   Thumb Code    60  stm32f4xx_rcc.o(.text)
    RCC_HSEConfig                            0x08007da5   Thumb Code    38  stm32f4xx_rcc.o(.text)
    RCC_GetFlagStatus                        0x08007dcb   Thumb Code   130  stm32f4xx_rcc.o(.text)
    RCC_WaitForHSEStartUp                    0x08007e4d   Thumb Code    56  stm32f4xx_rcc.o(.text)
    RCC_AdjustHSICalibrationValue            0x08007e85   Thumb Code    38  stm32f4xx_rcc.o(.text)
    RCC_HSICmd                               0x08007eab   Thumb Code    28  stm32f4xx_rcc.o(.text)
    RCC_LSEConfig                            0x08007ec7   Thumb Code    72  stm32f4xx_rcc.o(.text)
    RCC_LSICmd                               0x08007f0f   Thumb Code    28  stm32f4xx_rcc.o(.text)
    RCC_PLLConfig                            0x08007f2b   Thumb Code   156  stm32f4xx_rcc.o(.text)
    RCC_PLLCmd                               0x08007fc7   Thumb Code    28  stm32f4xx_rcc.o(.text)
    RCC_PLLI2SConfig                         0x08007fe3   Thumb Code    62  stm32f4xx_rcc.o(.text)
    RCC_PLLI2SCmd                            0x08008021   Thumb Code    28  stm32f4xx_rcc.o(.text)
    RCC_ClockSecuritySystemCmd               0x0800803d   Thumb Code    28  stm32f4xx_rcc.o(.text)
    RCC_MCO1Config                           0x08008059   Thumb Code   102  stm32f4xx_rcc.o(.text)
    RCC_MCO2Config                           0x080080bf   Thumb Code   102  stm32f4xx_rcc.o(.text)
    RCC_SYSCLKConfig                         0x08008125   Thumb Code   124  stm32f4xx_rcc.o(.text)
    RCC_GetSYSCLKSource                      0x080081a1   Thumb Code    10  stm32f4xx_rcc.o(.text)
    RCC_HCLKConfig                           0x080081ab   Thumb Code    68  stm32f4xx_rcc.o(.text)
    RCC_PCLK1Config                          0x080081ef   Thumb Code    60  stm32f4xx_rcc.o(.text)
    RCC_PCLK2Config                          0x0800822b   Thumb Code    62  stm32f4xx_rcc.o(.text)
    RCC_GetClocksFreq                        0x08008269   Thumb Code   214  stm32f4xx_rcc.o(.text)
    RCC_RTCCLKConfig                         0x0800833f   Thumb Code   262  stm32f4xx_rcc.o(.text)
    RCC_RTCCLKCmd                            0x08008445   Thumb Code    30  stm32f4xx_rcc.o(.text)
    RCC_BackupResetCmd                       0x08008463   Thumb Code    32  stm32f4xx_rcc.o(.text)
    RCC_I2SCLKConfig                         0x08008483   Thumb Code    30  stm32f4xx_rcc.o(.text)
    RCC_AHB1PeriphClockCmd                   0x080084a1   Thumb Code    82  stm32f4xx_rcc.o(.text)
    RCC_AHB2PeriphClockCmd                   0x080084f3   Thumb Code    82  stm32f4xx_rcc.o(.text)
    RCC_AHB3PeriphClockCmd                   0x08008545   Thumb Code   232  stm32f4xx_rcc.o(.text)
    RCC_APB1PeriphClockCmd                   0x0800862d   Thumb Code    82  stm32f4xx_rcc.o(.text)
    RCC_APB2PeriphClockCmd                   0x0800867f   Thumb Code    82  stm32f4xx_rcc.o(.text)
    RCC_AHB1PeriphResetCmd                   0x080086d1   Thumb Code    82  stm32f4xx_rcc.o(.text)
    RCC_AHB2PeriphResetCmd                   0x08008723   Thumb Code    82  stm32f4xx_rcc.o(.text)
    RCC_AHB3PeriphResetCmd                   0x08008775   Thumb Code    82  stm32f4xx_rcc.o(.text)
    RCC_APB1PeriphResetCmd                   0x080087c7   Thumb Code    82  stm32f4xx_rcc.o(.text)
    RCC_APB2PeriphResetCmd                   0x08008819   Thumb Code    82  stm32f4xx_rcc.o(.text)
    RCC_AHB1PeriphClockLPModeCmd             0x0800886b   Thumb Code    82  stm32f4xx_rcc.o(.text)
    RCC_AHB2PeriphClockLPModeCmd             0x080088bd   Thumb Code    82  stm32f4xx_rcc.o(.text)
    RCC_AHB3PeriphClockLPModeCmd             0x0800890f   Thumb Code    82  stm32f4xx_rcc.o(.text)
    RCC_APB1PeriphClockLPModeCmd             0x08008961   Thumb Code    82  stm32f4xx_rcc.o(.text)
    RCC_APB2PeriphClockLPModeCmd             0x080089b3   Thumb Code   106  stm32f4xx_rcc.o(.text)
    RCC_ITConfig                             0x08008a1d   Thumb Code    74  stm32f4xx_rcc.o(.text)
    RCC_ClearFlag                            0x08008a67   Thumb Code    18  stm32f4xx_rcc.o(.text)
    RCC_GetITStatus                          0x08008a79   Thumb Code    68  stm32f4xx_rcc.o(.text)
    RCC_ClearITPendingBit                    0x08008abd   Thumb Code    34  stm32f4xx_rcc.o(.text)
    TIM_DeInit                               0x08008ae5   Thumb Code   440  stm32f4xx_tim.o(.text)
    TIM_TimeBaseInit                         0x08008c9d   Thumb Code   278  stm32f4xx_tim.o(.text)
    TIM_TimeBaseStructInit                   0x08008db3   Thumb Code    18  stm32f4xx_tim.o(.text)
    TIM_PrescalerConfig                      0x08008dc5   Thumb Code   128  stm32f4xx_tim.o(.text)
    TIM_CounterModeConfig                    0x08008e45   Thumb Code   100  stm32f4xx_tim.o(.text)
    TIM_SetCounter                           0x08008ea9   Thumb Code   222  stm32f4xx_tim.o(.text)
    TIM_SetAutoreload                        0x08008f87   Thumb Code   108  stm32f4xx_tim.o(.text)
    TIM_GetCounter                           0x08008ff3   Thumb Code   106  stm32f4xx_tim.o(.text)
    TIM_GetPrescaler                         0x0800905d   Thumb Code   106  stm32f4xx_tim.o(.text)
    TIM_UpdateDisableConfig                  0x080090c7   Thumb Code   148  stm32f4xx_tim.o(.text)
    TIM_UpdateRequestConfig                  0x0800915b   Thumb Code   148  stm32f4xx_tim.o(.text)
    TIM_ARRPreloadConfig                     0x080091ef   Thumb Code   148  stm32f4xx_tim.o(.text)
    TIM_SelectOnePulseMode                   0x08009283   Thumb Code   142  stm32f4xx_tim.o(.text)
    TIM_SetClockDivision                     0x08009311   Thumb Code   192  stm32f4xx_tim.o(.text)
    TIM_Cmd                                  0x080093d1   Thumb Code   148  stm32f4xx_tim.o(.text)
    TIM_OC1Init                              0x08009465   Thumb Code   416  stm32f4xx_tim.o(.text)
    TIM_OC2Init                              0x08009605   Thumb Code   486  stm32f4xx_tim.o(.text)
    TIM_OC3Init                              0x080097eb   Thumb Code   416  stm32f4xx_tim.o(.text)
    TIM_OC4Init                              0x0800998b   Thumb Code   300  stm32f4xx_tim.o(.text)
    TIM_OCStructInit                         0x08009ab7   Thumb Code    20  stm32f4xx_tim.o(.text)
    TIM_SelectOCxM                           0x08009acb   Thumb Code   256  stm32f4xx_tim.o(.text)
    TIM_SetCompare1                          0x08009bcb   Thumb Code   142  stm32f4xx_tim.o(.text)
    TIM_SetCompare2                          0x08009c59   Thumb Code    72  stm32f4xx_tim.o(.text)
    TIM_SetCompare3                          0x08009ca1   Thumb Code    60  stm32f4xx_tim.o(.text)
    TIM_SetCompare4                          0x08009cdd   Thumb Code    60  stm32f4xx_tim.o(.text)
    TIM_ForcedOC1Config                      0x08009d19   Thumb Code   130  stm32f4xx_tim.o(.text)
    TIM_ForcedOC2Config                      0x08009d9b   Thumb Code   114  stm32f4xx_tim.o(.text)
    TIM_ForcedOC3Config                      0x08009e0d   Thumb Code    94  stm32f4xx_tim.o(.text)
    TIM_ForcedOC4Config                      0x08009e6b   Thumb Code   102  stm32f4xx_tim.o(.text)
    TIM_OC1PreloadConfig                     0x08009ed1   Thumb Code   124  stm32f4xx_tim.o(.text)
    TIM_OC2PreloadConfig                     0x08009f4d   Thumb Code   108  stm32f4xx_tim.o(.text)
    TIM_OC3PreloadConfig                     0x08009fb9   Thumb Code   136  stm32f4xx_tim.o(.text)
    TIM_OC4PreloadConfig                     0x0800a041   Thumb Code    96  stm32f4xx_tim.o(.text)
    TIM_OC1FastConfig                        0x0800a0a1   Thumb Code   124  stm32f4xx_tim.o(.text)
    TIM_OC2FastConfig                        0x0800a11d   Thumb Code   108  stm32f4xx_tim.o(.text)
    TIM_OC3FastConfig                        0x0800a189   Thumb Code    88  stm32f4xx_tim.o(.text)
    TIM_OC4FastConfig                        0x0800a1e1   Thumb Code    96  stm32f4xx_tim.o(.text)
    TIM_ClearOC1Ref                          0x0800a241   Thumb Code   124  stm32f4xx_tim.o(.text)
    TIM_ClearOC2Ref                          0x0800a2bd   Thumb Code   106  stm32f4xx_tim.o(.text)
    TIM_ClearOC3Ref                          0x0800a327   Thumb Code    88  stm32f4xx_tim.o(.text)
    TIM_ClearOC4Ref                          0x0800a37f   Thumb Code    94  stm32f4xx_tim.o(.text)
    TIM_OC1PolarityConfig                    0x0800a3dd   Thumb Code   174  stm32f4xx_tim.o(.text)
    TIM_OC1NPolarityConfig                   0x0800a48b   Thumb Code    64  stm32f4xx_tim.o(.text)
    TIM_OC2PolarityConfig                    0x0800a4cb   Thumb Code   108  stm32f4xx_tim.o(.text)
    TIM_OC2NPolarityConfig                   0x0800a537   Thumb Code    72  stm32f4xx_tim.o(.text)
    TIM_OC3PolarityConfig                    0x0800a57f   Thumb Code    96  stm32f4xx_tim.o(.text)
    TIM_OC3NPolarityConfig                   0x0800a5df   Thumb Code    72  stm32f4xx_tim.o(.text)
    TIM_OC4PolarityConfig                    0x0800a627   Thumb Code    96  stm32f4xx_tim.o(.text)
    TIM_CCxCmd                               0x0800a687   Thumb Code   168  stm32f4xx_tim.o(.text)
    TIM_CCxNCmd                              0x0800a72f   Thumb Code   104  stm32f4xx_tim.o(.text)
    TIM_SetIC4Prescaler                      0x0800a797   Thumb Code   106  stm32f4xx_tim.o(.text)
    TIM_SetIC3Prescaler                      0x0800a881   Thumb Code    98  stm32f4xx_tim.o(.text)
    TIM_SetIC2Prescaler                      0x0800a92b   Thumb Code   118  stm32f4xx_tim.o(.text)
    TIM_SetIC1Prescaler                      0x0800a9f1   Thumb Code   134  stm32f4xx_tim.o(.text)
    TIM_ICInit                               0x0800aab1   Thumb Code   508  stm32f4xx_tim.o(.text)
    TIM_ICStructInit                         0x0800acad   Thumb Code    18  stm32f4xx_tim.o(.text)
    TIM_PWMIConfig                           0x0800acbf   Thumb Code   184  stm32f4xx_tim.o(.text)
    TIM_GetCapture1                          0x0800ad77   Thumb Code    92  stm32f4xx_tim.o(.text)
    TIM_GetCapture2                          0x0800add3   Thumb Code    68  stm32f4xx_tim.o(.text)
    TIM_GetCapture3                          0x0800ae17   Thumb Code    56  stm32f4xx_tim.o(.text)
    TIM_GetCapture4                          0x0800ae4f   Thumb Code    56  stm32f4xx_tim.o(.text)
    TIM_BDTRConfig                           0x0800ae87   Thumb Code   222  stm32f4xx_tim.o(.text)
    TIM_BDTRStructInit                       0x0800af65   Thumb Code    18  stm32f4xx_tim.o(.text)
    TIM_CtrlPWMOutputs                       0x0800af77   Thumb Code    78  stm32f4xx_tim.o(.text)
    TIM_SelectCOM                            0x0800afc5   Thumb Code    72  stm32f4xx_tim.o(.text)
    TIM_CCPreloadControl                     0x0800b00d   Thumb Code    72  stm32f4xx_tim.o(.text)
    TIM_ITConfig                             0x0800b055   Thumb Code   218  stm32f4xx_tim.o(.text)
    TIM_GenerateEvent                        0x0800b12f   Thumb Code   126  stm32f4xx_tim.o(.text)
    TIM_GetFlagStatus                        0x0800b1ad   Thumb Code   188  stm32f4xx_tim.o(.text)
    TIM_ClearFlag                            0x0800b269   Thumb Code   108  stm32f4xx_tim.o(.text)
    TIM_GetITStatus                          0x0800b2d5   Thumb Code   186  stm32f4xx_tim.o(.text)
    TIM_ClearITPendingBit                    0x0800b38f   Thumb Code   108  stm32f4xx_tim.o(.text)
    TIM_DMAConfig                            0x0800b3fb   Thumb Code   334  stm32f4xx_tim.o(.text)
    TIM_DMACmd                               0x0800b549   Thumb Code   126  stm32f4xx_tim.o(.text)
    TIM_SelectCCDMA                          0x0800b5c7   Thumb Code    96  stm32f4xx_tim.o(.text)
    TIM_InternalClockConfig                  0x0800b627   Thumb Code    76  stm32f4xx_tim.o(.text)
    TIM_SelectInputTrigger                   0x0800b673   Thumb Code   148  stm32f4xx_tim.o(.text)
    TIM_ITRxExternalClockConfig              0x0800b707   Thumb Code   110  stm32f4xx_tim.o(.text)
    TIM_TIxExternalClockConfig               0x0800b775   Thumb Code   184  stm32f4xx_tim.o(.text)
    TIM_ETRConfig                            0x0800b82d   Thumb Code   164  stm32f4xx_tim.o(.text)
    TIM_ETRClockMode1Config                  0x0800b8d1   Thumb Code   228  stm32f4xx_tim.o(.text)
    TIM_ETRClockMode2Config                  0x0800b9b5   Thumb Code   152  stm32f4xx_tim.o(.text)
    TIM_SelectOutputTrigger                  0x0800ba4d   Thumb Code   126  stm32f4xx_tim.o(.text)
    TIM_SelectSlaveMode                      0x0800bacb   Thumb Code   112  stm32f4xx_tim.o(.text)
    TIM_SelectMasterSlaveMode                0x0800bb3b   Thumb Code   102  stm32f4xx_tim.o(.text)
    TIM_EncoderInterfaceConfig               0x0800bba1   Thumb Code   226  stm32f4xx_tim.o(.text)
    TIM_SelectHallSensor                     0x0800bc83   Thumb Code   108  stm32f4xx_tim.o(.text)
    TIM_RemapConfig                          0x0800bcef   Thumb Code   138  stm32f4xx_tim.o(.text)
    USART_DeInit                             0x0800bd79   Thumb Code   202  stm32f4xx_usart.o(.text)
    USART_Init                               0x0800be43   Thumb Code   456  stm32f4xx_usart.o(.text)
    USART_StructInit                         0x0800c00b   Thumb Code    24  stm32f4xx_usart.o(.text)
    USART_ClockInit                          0x0800c023   Thumb Code   166  stm32f4xx_usart.o(.text)
    USART_ClockStructInit                    0x0800c0c9   Thumb Code    12  stm32f4xx_usart.o(.text)
    USART_Cmd                                0x0800c0d5   Thumb Code    96  stm32f4xx_usart.o(.text)
    USART_SetPrescaler                       0x0800c135   Thumb Code   160  stm32f4xx_usart.o(.text)
    USART_OverSampling8Cmd                   0x0800c1d5   Thumb Code    98  stm32f4xx_usart.o(.text)
    USART_OneBitMethodCmd                    0x0800c237   Thumb Code   100  stm32f4xx_usart.o(.text)
    USART_SendData                           0x0800c29b   Thumb Code    84  stm32f4xx_usart.o(.text)
    USART_ReceiveData                        0x0800c2ef   Thumb Code    62  stm32f4xx_usart.o(.text)
    USART_SetAddress                         0x0800c32d   Thumb Code    92  stm32f4xx_usart.o(.text)
    USART_ReceiverWakeUpCmd                  0x0800c389   Thumb Code   100  stm32f4xx_usart.o(.text)
    USART_WakeUpConfig                       0x0800c3ed   Thumb Code    96  stm32f4xx_usart.o(.text)
    USART_LINBreakDetectLengthConfig         0x0800c44d   Thumb Code    94  stm32f4xx_usart.o(.text)
    USART_LINCmd                             0x0800c4ab   Thumb Code   100  stm32f4xx_usart.o(.text)
    USART_SendBreak                          0x0800c50f   Thumb Code    64  stm32f4xx_usart.o(.text)
    USART_HalfDuplexCmd                      0x0800c54f   Thumb Code   100  stm32f4xx_usart.o(.text)
    USART_SetGuardTime                       0x0800c5b3   Thumb Code    86  stm32f4xx_usart.o(.text)
    USART_SmartCardCmd                       0x0800c609   Thumb Code    88  stm32f4xx_usart.o(.text)
    USART_SmartCardNACKCmd                   0x0800c661   Thumb Code    88  stm32f4xx_usart.o(.text)
    USART_IrDAConfig                         0x0800c6b9   Thumb Code    94  stm32f4xx_usart.o(.text)
    USART_IrDACmd                            0x0800c717   Thumb Code   100  stm32f4xx_usart.o(.text)
    USART_DMACmd                             0x0800c77b   Thumb Code   120  stm32f4xx_usart.o(.text)
    USART_ITConfig                           0x0800c7f3   Thumb Code   268  stm32f4xx_usart.o(.text)
    USART_GetFlagStatus                      0x0800c8ff   Thumb Code   176  stm32f4xx_usart.o(.text)
    USART_ClearFlag                          0x0800c9af   Thumb Code   160  stm32f4xx_usart.o(.text)
    USART_GetITStatus                        0x0800ca4f   Thumb Code   284  stm32f4xx_usart.o(.text)
    USART_ClearITPendingBit                  0x0800cb6b   Thumb Code   170  stm32f4xx_usart.o(.text)
    SystemInit                               0x0800cd09   Thumb Code    88  system_stm32f4xx.o(.text)
    SystemCoreClockUpdate                    0x0800cd61   Thumb Code   174  system_stm32f4xx.o(.text)
    Reset_Handler                            0x0800ce3d   Thumb Code     8  startup_stm32f4xx.o(.text)
    HardFault_Handler                        0x0800ce47   Thumb Code     2  startup_stm32f4xx.o(.text)
    PendSV_Handler                           0x0800ce53   Thumb Code     2  startup_stm32f4xx.o(.text)
    ADC_IRQHandler                           0x0800ce57   Thumb Code     0  startup_stm32f4xx.o(.text)
    CAN1_RX0_IRQHandler                      0x0800ce57   Thumb Code     0  startup_stm32f4xx.o(.text)
    CAN1_RX1_IRQHandler                      0x0800ce57   Thumb Code     0  startup_stm32f4xx.o(.text)
    CAN1_SCE_IRQHandler                      0x0800ce57   Thumb Code     0  startup_stm32f4xx.o(.text)
    CAN1_TX_IRQHandler                       0x0800ce57   Thumb Code     0  startup_stm32f4xx.o(.text)
    CAN2_RX0_IRQHandler                      0x0800ce57   Thumb Code     0  startup_stm32f4xx.o(.text)
    CAN2_RX1_IRQHandler                      0x0800ce57   Thumb Code     0  startup_stm32f4xx.o(.text)
    CAN2_SCE_IRQHandler                      0x0800ce57   Thumb Code     0  startup_stm32f4xx.o(.text)
    CAN2_TX_IRQHandler                       0x0800ce57   Thumb Code     0  startup_stm32f4xx.o(.text)
    CRYP_IRQHandler                          0x0800ce57   Thumb Code     0  startup_stm32f4xx.o(.text)
    DCMI_IRQHandler                          0x0800ce57   Thumb Code     0  startup_stm32f4xx.o(.text)
    DMA1_Stream0_IRQHandler                  0x0800ce57   Thumb Code     0  startup_stm32f4xx.o(.text)
    DMA1_Stream1_IRQHandler                  0x0800ce57   Thumb Code     0  startup_stm32f4xx.o(.text)
    DMA1_Stream2_IRQHandler                  0x0800ce57   Thumb Code     0  startup_stm32f4xx.o(.text)
    DMA1_Stream3_IRQHandler                  0x0800ce57   Thumb Code     0  startup_stm32f4xx.o(.text)
    DMA1_Stream4_IRQHandler                  0x0800ce57   Thumb Code     0  startup_stm32f4xx.o(.text)
    DMA1_Stream5_IRQHandler                  0x0800ce57   Thumb Code     0  startup_stm32f4xx.o(.text)
    DMA1_Stream6_IRQHandler                  0x0800ce57   Thumb Code     0  startup_stm32f4xx.o(.text)
    DMA1_Stream7_IRQHandler                  0x0800ce57   Thumb Code     0  startup_stm32f4xx.o(.text)
    DMA2_Stream0_IRQHandler                  0x0800ce57   Thumb Code     0  startup_stm32f4xx.o(.text)
    DMA2_Stream1_IRQHandler                  0x0800ce57   Thumb Code     0  startup_stm32f4xx.o(.text)
    DMA2_Stream2_IRQHandler                  0x0800ce57   Thumb Code     0  startup_stm32f4xx.o(.text)
    DMA2_Stream3_IRQHandler                  0x0800ce57   Thumb Code     0  startup_stm32f4xx.o(.text)
    DMA2_Stream4_IRQHandler                  0x0800ce57   Thumb Code     0  startup_stm32f4xx.o(.text)
    DMA2_Stream5_IRQHandler                  0x0800ce57   Thumb Code     0  startup_stm32f4xx.o(.text)
    DMA2_Stream6_IRQHandler                  0x0800ce57   Thumb Code     0  startup_stm32f4xx.o(.text)
    DMA2_Stream7_IRQHandler                  0x0800ce57   Thumb Code     0  startup_stm32f4xx.o(.text)
    ETH_IRQHandler                           0x0800ce57   Thumb Code     0  startup_stm32f4xx.o(.text)
    ETH_WKUP_IRQHandler                      0x0800ce57   Thumb Code     0  startup_stm32f4xx.o(.text)
    EXTI0_IRQHandler                         0x0800ce57   Thumb Code     0  startup_stm32f4xx.o(.text)
    EXTI15_10_IRQHandler                     0x0800ce57   Thumb Code     0  startup_stm32f4xx.o(.text)
    EXTI1_IRQHandler                         0x0800ce57   Thumb Code     0  startup_stm32f4xx.o(.text)
    EXTI2_IRQHandler                         0x0800ce57   Thumb Code     0  startup_stm32f4xx.o(.text)
    EXTI3_IRQHandler                         0x0800ce57   Thumb Code     0  startup_stm32f4xx.o(.text)
    EXTI4_IRQHandler                         0x0800ce57   Thumb Code     0  startup_stm32f4xx.o(.text)
    EXTI9_5_IRQHandler                       0x0800ce57   Thumb Code     0  startup_stm32f4xx.o(.text)
    FLASH_IRQHandler                         0x0800ce57   Thumb Code     0  startup_stm32f4xx.o(.text)
    FPU_IRQHandler                           0x0800ce57   Thumb Code     0  startup_stm32f4xx.o(.text)
    FSMC_IRQHandler                          0x0800ce57   Thumb Code     0  startup_stm32f4xx.o(.text)
    HASH_RNG_IRQHandler                      0x0800ce57   Thumb Code     0  startup_stm32f4xx.o(.text)
    I2C1_ER_IRQHandler                       0x0800ce57   Thumb Code     0  startup_stm32f4xx.o(.text)
    I2C1_EV_IRQHandler                       0x0800ce57   Thumb Code     0  startup_stm32f4xx.o(.text)
    I2C2_ER_IRQHandler                       0x0800ce57   Thumb Code     0  startup_stm32f4xx.o(.text)
    I2C2_EV_IRQHandler                       0x0800ce57   Thumb Code     0  startup_stm32f4xx.o(.text)
    I2C3_ER_IRQHandler                       0x0800ce57   Thumb Code     0  startup_stm32f4xx.o(.text)
    I2C3_EV_IRQHandler                       0x0800ce57   Thumb Code     0  startup_stm32f4xx.o(.text)
    OTG_FS_IRQHandler                        0x0800ce57   Thumb Code     0  startup_stm32f4xx.o(.text)
    OTG_FS_WKUP_IRQHandler                   0x0800ce57   Thumb Code     0  startup_stm32f4xx.o(.text)
    OTG_HS_EP1_IN_IRQHandler                 0x0800ce57   Thumb Code     0  startup_stm32f4xx.o(.text)
    OTG_HS_EP1_OUT_IRQHandler                0x0800ce57   Thumb Code     0  startup_stm32f4xx.o(.text)
    OTG_HS_IRQHandler                        0x0800ce57   Thumb Code     0  startup_stm32f4xx.o(.text)
    OTG_HS_WKUP_IRQHandler                   0x0800ce57   Thumb Code     0  startup_stm32f4xx.o(.text)
    PVD_IRQHandler                           0x0800ce57   Thumb Code     0  startup_stm32f4xx.o(.text)
    RCC_IRQHandler                           0x0800ce57   Thumb Code     0  startup_stm32f4xx.o(.text)
    RTC_Alarm_IRQHandler                     0x0800ce57   Thumb Code     0  startup_stm32f4xx.o(.text)
    RTC_WKUP_IRQHandler                      0x0800ce57   Thumb Code     0  startup_stm32f4xx.o(.text)
    SDIO_IRQHandler                          0x0800ce57   Thumb Code     0  startup_stm32f4xx.o(.text)
    SPI1_IRQHandler                          0x0800ce57   Thumb Code     0  startup_stm32f4xx.o(.text)
    SPI2_IRQHandler                          0x0800ce57   Thumb Code     0  startup_stm32f4xx.o(.text)
    SPI3_IRQHandler                          0x0800ce57   Thumb Code     0  startup_stm32f4xx.o(.text)
    TAMP_STAMP_IRQHandler                    0x0800ce57   Thumb Code     0  startup_stm32f4xx.o(.text)
    TIM1_BRK_TIM9_IRQHandler                 0x0800ce57   Thumb Code     0  startup_stm32f4xx.o(.text)
    TIM1_CC_IRQHandler                       0x0800ce57   Thumb Code     0  startup_stm32f4xx.o(.text)
    TIM1_TRG_COM_TIM11_IRQHandler            0x0800ce57   Thumb Code     0  startup_stm32f4xx.o(.text)
    TIM1_UP_TIM10_IRQHandler                 0x0800ce57   Thumb Code     0  startup_stm32f4xx.o(.text)
    TIM2_IRQHandler                          0x0800ce57   Thumb Code     0  startup_stm32f4xx.o(.text)
    TIM5_IRQHandler                          0x0800ce57   Thumb Code     0  startup_stm32f4xx.o(.text)
    TIM6_DAC_IRQHandler                      0x0800ce57   Thumb Code     0  startup_stm32f4xx.o(.text)
    TIM7_IRQHandler                          0x0800ce57   Thumb Code     0  startup_stm32f4xx.o(.text)
    TIM8_BRK_TIM12_IRQHandler                0x0800ce57   Thumb Code     0  startup_stm32f4xx.o(.text)
    TIM8_CC_IRQHandler                       0x0800ce57   Thumb Code     0  startup_stm32f4xx.o(.text)
    TIM8_TRG_COM_TIM14_IRQHandler            0x0800ce57   Thumb Code     0  startup_stm32f4xx.o(.text)
    TIM8_UP_TIM13_IRQHandler                 0x0800ce57   Thumb Code     0  startup_stm32f4xx.o(.text)
    UART4_IRQHandler                         0x0800ce57   Thumb Code     0  startup_stm32f4xx.o(.text)
    USART1_IRQHandler                        0x0800ce57   Thumb Code     0  startup_stm32f4xx.o(.text)
    USART3_IRQHandler                        0x0800ce57   Thumb Code     0  startup_stm32f4xx.o(.text)
    USART6_IRQHandler                        0x0800ce57   Thumb Code     0  startup_stm32f4xx.o(.text)
    WWDG_IRQHandler                          0x0800ce57   Thumb Code     0  startup_stm32f4xx.o(.text)
    __aeabi_memset                           0x0800ce61   Thumb Code    14  memseta.o(.text)
    __aeabi_memset4                          0x0800ce61   Thumb Code     0  memseta.o(.text)
    __aeabi_memset8                          0x0800ce61   Thumb Code     0  memseta.o(.text)
    __aeabi_memclr                           0x0800ce6f   Thumb Code     4  memseta.o(.text)
    __aeabi_memclr4                          0x0800ce6f   Thumb Code     0  memseta.o(.text)
    __aeabi_memclr8                          0x0800ce6f   Thumb Code     0  memseta.o(.text)
    _memset$wrapper                          0x0800ce73   Thumb Code    18  memseta.o(.text)
    __aeabi_dadd                             0x0800ce85   Thumb Code   322  dadd.o(.text)
    __aeabi_dsub                             0x0800cfc7   Thumb Code     6  dadd.o(.text)
    __aeabi_drsub                            0x0800cfcd   Thumb Code     6  dadd.o(.text)
    __aeabi_dmul                             0x0800cfd3   Thumb Code   228  dmul.o(.text)
    __aeabi_i2d                              0x0800d0b7   Thumb Code    34  dflti.o(.text)
    __aeabi_f2d                              0x0800d0d9   Thumb Code    38  f2d.o(.text)
    __aeabi_cdcmpeq                          0x0800d101   Thumb Code     0  cdcmple.o(.text)
    __aeabi_cdcmple                          0x0800d101   Thumb Code    48  cdcmple.o(.text)
    __aeabi_cdrcmple                         0x0800d131   Thumb Code    48  cdrcmple.o(.text)
    __aeabi_d2f                              0x0800d161   Thumb Code    56  d2f.o(.text)
    __aeabi_llsl                             0x0800d199   Thumb Code    30  llshl.o(.text)
    _ll_shift_l                              0x0800d199   Thumb Code     0  llshl.o(.text)
    __aeabi_lasr                             0x0800d1b7   Thumb Code    36  llsshr.o(.text)
    _ll_sshift_r                             0x0800d1b7   Thumb Code     0  llsshr.o(.text)
    __I$use$fp                               0x0800d1db   Thumb Code     0  iusefp.o(.text)
    _float_round                             0x0800d1db   Thumb Code    18  fepilogue.o(.text)
    _float_epilogue                          0x0800d1ed   Thumb Code    92  fepilogue.o(.text)
    _double_round                            0x0800d249   Thumb Code    30  depilogue.o(.text)
    _double_epilogue                         0x0800d267   Thumb Code   156  depilogue.o(.text)
    __aeabi_ddiv                             0x0800d303   Thumb Code   222  ddiv.o(.text)
    __scatterload                            0x0800d3e1   Thumb Code    28  init.o(.text)
    __scatterload_rt2                        0x0800d3e1   Thumb Code     0  init.o(.text)
    __aeabi_llsr                             0x0800d405   Thumb Code    32  llushr.o(.text)
    _ll_ushift_r                             0x0800d405   Thumb Code     0  llushr.o(.text)
    _dsqrt                                   0x0800d425   Thumb Code   162  dsqrt.o(.text)
    __decompress                             0x0800d4c7   Thumb Code     0  __dczerorl2.o(.text)
    __decompress1                            0x0800d4c7   Thumb Code    86  __dczerorl2.o(.text)
    __ARM_fpclassify                         0x0800d51d   Thumb Code    48  fpclassify.o(i.__ARM_fpclassify)
    __hardfp_asin                            0x0800d551   Thumb Code   770  asin.o(i.__hardfp_asin)
    __kernel_poly                            0x0800d8b1   Thumb Code   248  poly.o(i.__kernel_poly)
    __mathlib_dbl_infnan                     0x0800d9a9   Thumb Code    20  dunder.o(i.__mathlib_dbl_infnan)
    __mathlib_dbl_invalid                    0x0800d9c1   Thumb Code    24  dunder.o(i.__mathlib_dbl_invalid)
    __mathlib_dbl_underflow                  0x0800d9e1   Thumb Code    24  dunder.o(i.__mathlib_dbl_underflow)
    __scatterload_copy                       0x0800da01   Thumb Code    14  handlers.o(i.__scatterload_copy)
    __scatterload_null                       0x0800da0f   Thumb Code     2  handlers.o(i.__scatterload_null)
    __scatterload_zeroinit                   0x0800da11   Thumb Code    14  handlers.o(i.__scatterload_zeroinit)
    __set_errno                              0x0800da21   Thumb Code     6  errno.o(i.__set_errno)
    fabs                                     0x0800da2d   Thumb Code    24  fabs.o(i.fabs)
    sqrt                                     0x0800da45   Thumb Code   110  sqrt.o(i.sqrt)
    Region$$Table$$Base                      0x0800db08   Number         0  anon$$obj.o(Region$$Table)
    Region$$Table$$Limit                     0x0800db28   Number         0  anon$$obj.o(Region$$Table)
    Init_Finish                              0x20000000   Data           1  main.o(.data)
    loop_cnt                                 0x20000010   Data           2  scheduler.o(.data)
    thr_value                                0x20000014   Data           4  ctrl.o(.data)
    Thr_Low                                  0x20000018   Data           1  ctrl.o(.data)
    Thr_Weight                               0x2000001c   Data           4  ctrl.o(.data)
    Roll                                     0x20000028   Data           4  imu.o(.data)
    Pitch                                    0x2000002c   Data           4  imu.o(.data)
    Yaw                                      0x20000030   Data           4  imu.o(.data)
    ref_q                                    0x20000034   Data          16  imu.o(.data)
    norm_acc                                 0x20000044   Data           4  imu.o(.data)
    norm_q                                   0x20000048   Data           4  imu.o(.data)
    norm_acc_lpf                             0x2000004c   Data           4  imu.o(.data)
    mag_norm                                 0x20000050   Data           4  imu.o(.data)
    mag_norm_xyz                             0x20000054   Data           4  imu.o(.data)
    fast_atan_table                          0x20000060   Data        1028  mymath.o(.data)
    CH_in_Mapping                            0x20000464   Data           8  rc.o(.data)
    NS                                       0x2000046c   Data           1  rc.o(.data)
    CH_Error                                 0x2000046d   Data           8  rc.o(.data)
    NS_cnt                                   0x20000476   Data           2  rc.o(.data)
    MAX_CH                                   0x20000478   Data          16  rc.o(.data)
    MIN_CH                                   0x20000488   Data          16  rc.o(.data)
    CH_DIR                                   0x20000498   Data           8  rc.o(.data)
    filter_A                                 0x200004a0   Data           4  rc.o(.data)
    fly_ready                                0x200004a4   Data           1  rc.o(.data)
    ready_cnt                                0x200004a6   Data           2  rc.o(.data)
    height_mode                              0x200004a8   Data           1  rc.o(.data)
    height_ctrl_mode                         0x200004a9   Data           1  rc.o(.data)
    flash_save_en_cnt                        0x200004b8   Data           2  data_transfer.o(.data)
    med_filter_out                           0x200004c8   Data           8  filter.o(.data)
    med_fil_cnt                              0x200004d0   Data           2  filter.o(.data)
    pre_div                                  0x200004e8   Data           4  myctrl.o(.data)
    soft_pre_div                             0x200004ec   Data           4  myctrl.o(.data)
    height_pre_div                           0x200004f0   Data           4  myctrl.o(.data)
    take_off_flag                            0x200004f4   Data           1  myctrl.o(.data)
    landing_flag                             0x200004f5   Data           1  myctrl.o(.data)
    height_ctrl_flag                         0x200004f6   Data           1  myctrl.o(.data)
    soft_landing_flag                        0x200004f7   Data           1  myctrl.o(.data)
    landing_done_flag                        0x200004f8   Data           1  myctrl.o(.data)
    roll_take_off                            0x200004fa   Data           2  myctrl.o(.data)
    pitch_take_off                           0x200004fc   Data           2  myctrl.o(.data)
    thr_take_off                             0x200004fe   Data           2  myctrl.o(.data)
    yaw_take_off                             0x20000500   Data           2  myctrl.o(.data)
    EXP_Height                               0x20000502   Data           2  myctrl.o(.data)
    Delta_distance                           0x20000504   Data           2  myctrl.o(.data)
    height_ctrl_count                        0x20000506   Data           1  myctrl.o(.data)
    thr_landing_count                        0x20000507   Data           1  myctrl.o(.data)
    landing_done_count                       0x20000508   Data           2  myctrl.o(.data)
    safety_belt_count                        0x2000050a   Data           2  myctrl.o(.data)
    ultra_buffer_counter                     0x2000050c   Data           1  myctrl.o(.data)
    ultra_buffer                             0x2000050e   Data           8  myctrl.o(.data)
    soft_landing_k                           0x20000518   Data           4  myctrl.o(.data)
    reference_speed                          0x2000051c   Data           4  myctrl.o(.data)
    REFERENCE_SPEED_K                        0x20000520   Data           4  myctrl.o(.data)
    SOFT_LANDING_MAX_SPEED                   0x20000524   Data           4  myctrl.o(.data)
    motor_test                               0x20000528   Data           8  myctrl.o(.data)
    height_ctrl_out                          0x20000530   Data           4  height_ctrl.o(.data)
    wz_acc                                   0x20000534   Data           4  height_ctrl.o(.data)
    exp_height_speed                         0x20000538   Data           4  height_ctrl.o(.data)
    exp_height                               0x2000053c   Data           4  height_ctrl.o(.data)
    ultra_speed                              0x20000540   Data           4  height_ctrl.o(.data)
    ultra_dis_lpf                            0x20000544   Data           4  height_ctrl.o(.data)
    ultra_ctrl_out                           0x20000548   Data           4  height_ctrl.o(.data)
    current_height                           0x2000054c   Data           4  height_ctrl.o(.data)
    height_old                               0x20000550   Data           4  height_ctrl.o(.data)
    ultra_pid_display_p                      0x20000554   Data           4  height_ctrl.o(.data)
    ultra_pid_display_i                      0x20000558   Data           4  height_ctrl.o(.data)
    ultra_pid_display_d                      0x2000055c   Data           4  height_ctrl.o(.data)
    ultra_pid_display_pid                    0x20000560   Data           4  height_ctrl.o(.data)
    height_ctrl_flag_star                    0x20000564   Data           1  height_ctrl.o(.data)
    wz_speed                                 0x20000568   Data           4  height_ctrl.o(.data)
    wz_speed_old                             0x2000056c   Data           4  height_ctrl.o(.data)
    wz_acc_mms2                              0x20000570   Data           4  height_ctrl.o(.data)
    sysTickUptime                            0x20000574   Data           4  time.o(.data)
    time_1h                                  0x20000578   Data           4  time.o(.data)
    time_1m                                  0x2000057c   Data           4  time.o(.data)
    time_1s                                  0x20000580   Data           4  time.o(.data)
    time_1ms                                 0x20000584   Data           4  time.o(.data)
    CH_out_Mapping                           0x200005a8   Data           4  pwm_out.o(.data)
    I2C_FastMode                             0x200005ac   Data           1  i2c_soft.o(.data)
    mpu6050_ok                               0x200005b0   Data           1  mpu6050.o(.data)
    acc_sum_cnt                              0x200005b2   Data           2  mpu6050.o(.data)
    gyro_sum_cnt                             0x200005b4   Data           2  mpu6050.o(.data)
    filter_cnt                               0x200005b6   Data           1  mpu6050.o(.data)
    filter_cnt_old                           0x200005b7   Data           1  mpu6050.o(.data)
    test_ang                                 0x200005b8   Data           4  mpu6050.o(.data)
    test_ang_old                             0x200005bc   Data           4  mpu6050.o(.data)
    test_ang_d                               0x200005c0   Data           4  mpu6050.o(.data)
    test_fli_a                               0x200005c4   Data           4  mpu6050.o(.data)
    test_i                                   0x200005c8   Data           4  mpu6050.o(.data)
    ak8975                                   0x200005cc   Data          44  ak8975.o(.data)
    ak8975_ok                                0x200005f8   Data           1  ak8975.o(.data)
    Mag_CALIBRATED                           0x200005f9   Data           1  ak8975.o(.data)
    flag                                     0x20000616   Data           1  led.o(.data)
    TxCounter                                0x20000617   Data           1  usart.o(.data)
    count                                    0x20000618   Data           1  usart.o(.data)
    Tx5Counter                               0x20000619   Data           1  usart.o(.data)
    count5                                   0x2000061a   Data           1  usart.o(.data)
    ultra_start_f                            0x2000061c   Data           1  ultrasonic.o(.data)
    ultra_time                               0x2000061d   Data           1  ultrasonic.o(.data)
    ultra_ok                                 0x2000061e   Data           1  ultrasonic.o(.data)
    ultra_distance                           0x20000620   Data           2  ultrasonic.o(.data)
    ultra_distance_old                       0x20000622   Data           2  ultrasonic.o(.data)
    ultra_delta                              0x20000624   Data           2  ultrasonic.o(.data)
    SystemCoreClock                          0x20000638   Data           4  system_stm32f4xx.o(.data)
    AHBPrescTable                            0x2000063c   Data          16  system_stm32f4xx.o(.data)
    loop                                     0x2000065c   Data          16  scheduler.o(.bss)
    test                                     0x2000066c   Data          20  scheduler.o(.bss)
    sensor_setup                             0x20000680   Data          64  parameter.o(.bss)
    pid_setup                                0x200006c0   Data         192  parameter.o(.bss)
    ctrl_1                                   0x20000780   Data         196  ctrl.o(.bss)
    ctrl_2                                   0x20000844   Data         196  ctrl.o(.bss)
    except_A                                 0x20000908   Data          12  ctrl.o(.bss)
    ctrl_angle_offset                        0x20000914   Data          12  ctrl.o(.bss)
    compensation                             0x20000920   Data          12  ctrl.o(.bss)
    except_AS                                0x2000092c   Data          12  ctrl.o(.bss)
    g_old                                    0x20000938   Data          28  ctrl.o(.bss)
    motor                                    0x20000954   Data          16  ctrl.o(.bss)
    posture_value                            0x20000964   Data          16  ctrl.o(.bss)
    curve                                    0x20000974   Data          16  ctrl.o(.bss)
    reference_v                              0x20000984   Data          12  imu.o(.bss)
    ref                                      0x20000990   Data          60  imu.o(.bss)
    mag_sim_3d                               0x200009cc   Data          12  imu.o(.bss)
    CH                                       0x200009e4   Data          16  rc.o(.bss)
    CH_Old                                   0x200009f4   Data          32  rc.o(.bss)
    CH_filter                                0x20000a14   Data          32  rc.o(.bss)
    CH_filter_Old                            0x20000a34   Data          32  rc.o(.bss)
    CH_filter_D                              0x20000a54   Data          32  rc.o(.bss)
    CLR_CH_Error                             0x20000a74   Data          16  rc.o(.bss)
    f                                        0x20000aa0   Data          17  data_transfer.o(.bss)
    data_to_send                             0x20000ab1   Data          50  data_transfer.o(.bss)
    RX_CH                                    0x20000ae4   Data          16  data_transfer.o(.bss)
    med_filter_tmp                           0x20000b28   Data          88  filter.o(.bss)
    ultra_ctrl                               0x20000b8c   Data          20  height_ctrl.o(.bss)
    ultra_pid                                0x20000ba0   Data          36  height_ctrl.o(.bss)
    Cycle_T                                  0x20000bc4   Data          60  time.o(.bss)
    Rc_Pwm_In                                0x20000c00   Data          16  pwm_in.o(.bss)
    mpu6050                                  0x20000c10   Data         128  mpu6050.o(.bss)
    mpu6050_buffer                           0x20000c90   Data          14  mpu6050.o(.bss)
    sum_temp                                 0x20000ca0   Data          28  mpu6050.o(.bss)
    FILT_BUF                                 0x20000cbc   Data         154  mpu6050.o(.bss)
    mpu6050_tmp                              0x20000d58   Data          28  mpu6050.o(.bss)
    mpu_fil_tmp                              0x20000d74   Data          28  mpu6050.o(.bss)
    TxBuffer                                 0x20000d9c   Data         256  usart.o(.bss)
    Rx_Buf                                   0x20000e9c   Data         256  usart.o(.bss)
    Tx5Buffer                                0x20000f9c   Data         256  usart.o(.bss)
    __initial_sp                             0x200018a0   Data           0  startup_stm32f4xx.o(STACK)



==============================================================================

Memory Map of the image

  Image Entry point : 0x08000189

  Load Region LR_IROM1 (Base: 0x08000000, Size: 0x0000e178, Max: 0x00080000, ABSOLUTE, COMPRESSED[0x0000dfc0])

    Execution Region ER_IROM1 (Base: 0x08000000, Size: 0x0000db28, Max: 0x00080000, ABSOLUTE)

    Base Addr    Size         Type   Attr      Idx    E Section Name        Object

    0x08000000   0x00000188   Data   RO          989    RESET               startup_stm32f4xx.o
    0x08000188   0x00000000   Code   RO         1008  * .ARM.Collect$$$$00000000  mc_w.l(entry.o)
    0x08000188   0x00000004   Code   RO         1065    .ARM.Collect$$$$00000001  mc_w.l(entry2.o)
    0x0800018c   0x00000004   Code   RO         1068    .ARM.Collect$$$$00000004  mc_w.l(entry5.o)
    0x08000190   0x00000000   Code   RO         1070    .ARM.Collect$$$$00000008  mc_w.l(entry7b.o)
    0x08000190   0x00000000   Code   RO         1072    .ARM.Collect$$$$0000000A  mc_w.l(entry8b.o)
    0x08000190   0x00000008   Code   RO         1073    .ARM.Collect$$$$0000000B  mc_w.l(entry9a.o)
    0x08000198   0x00000000   Code   RO         1075    .ARM.Collect$$$$0000000D  mc_w.l(entry10a.o)
    0x08000198   0x00000000   Code   RO         1077    .ARM.Collect$$$$0000000F  mc_w.l(entry11a.o)
    0x08000198   0x00000004   Code   RO         1066    .ARM.Collect$$$$00002712  mc_w.l(entry2.o)
    0x0800019c   0x00000018   Code   RO            2    .text               main.o
    0x080001b4   0x00000048   Code   RO          122    .text               stm32f4xx_it.o
    0x080001fc   0x00000238   Code   RO          142    .text               scheduler.o
    0x08000434   0x00000078   Code   RO          206    .text               init.o
    0x080004ac   0x00000344   Code   RO          226    .text               parameter.o
    0x080007f0   0x00001220   Code   RO          268    .text               ctrl.o
    0x08001a10   0x000008d8   Code   RO          291    .text               imu.o
    0x080022e8   0x00000568   Code   RO          321    .text               mymath.o
    0x08002850   0x000005a4   Code   RO          340    .text               rc.o
    0x08002df4   0x00001b88   Code   RO          365    .text               data_transfer.o
    0x0800497c   0x00000274   Code   RO          425    .text               filter.o
    0x08004bf0   0x00000258   Code   RO          445    .text               myctrl.o
    0x08004e48   0x00000264   Code   RO          468    .text               height_ctrl.o
    0x080050ac   0x00000284   Code   RO          491    .text               time.o
    0x08005330   0x000006c4   Code   RO          530    .text               pwm_in.o
    0x080059f4   0x00000380   Code   RO          557    .text               pwm_out.o
    0x08005d74   0x000003a8   Code   RO          582    .text               i2c_soft.o
    0x0800611c   0x0000087c   Code   RO          608    .text               mpu6050.o
    0x08006998   0x00000458   Code   RO          636    .text               ak8975.o
    0x08006df0   0x00000084   Code   RO          659    .text               led.o
    0x08006e74   0x0000032c   Code   RO          685    .text               usart.o
    0x080071a0   0x000000c4   Code   RO          712    .text               ultrasonic.o
    0x08007264   0x000001ec   Code   RO          734    .text               misc.o
    0x08007450   0x00000916   Code   RO          833    .text               stm32f4xx_gpio.o
    0x08007d66   0x00000002   PAD
    0x08007d68   0x00000d7c   Code   RO          881    .text               stm32f4xx_rcc.o
    0x08008ae4   0x00003294   Code   RO          934    .text               stm32f4xx_tim.o
    0x0800bd78   0x00000eb4   Code   RO          950    .text               stm32f4xx_usart.o
    0x0800cc2c   0x00000210   Code   RO          966    .text               system_stm32f4xx.o
    0x0800ce3c   0x00000024   Code   RO          990    .text               startup_stm32f4xx.o
    0x0800ce60   0x00000024   Code   RO         1011    .text               mc_w.l(memseta.o)
    0x0800ce84   0x0000014e   Code   RO         1015    .text               mf_w.l(dadd.o)
    0x0800cfd2   0x000000e4   Code   RO         1017    .text               mf_w.l(dmul.o)
    0x0800d0b6   0x00000022   Code   RO         1019    .text               mf_w.l(dflti.o)
    0x0800d0d8   0x00000026   Code   RO         1021    .text               mf_w.l(f2d.o)
    0x0800d0fe   0x00000002   PAD
    0x0800d100   0x00000030   Code   RO         1023    .text               mf_w.l(cdcmple.o)
    0x0800d130   0x00000030   Code   RO         1025    .text               mf_w.l(cdrcmple.o)
    0x0800d160   0x00000038   Code   RO         1027    .text               mf_w.l(d2f.o)
    0x0800d198   0x0000001e   Code   RO         1079    .text               mc_w.l(llshl.o)
    0x0800d1b6   0x00000024   Code   RO         1081    .text               mc_w.l(llsshr.o)
    0x0800d1da   0x00000000   Code   RO         1090    .text               mc_w.l(iusefp.o)
    0x0800d1da   0x0000006e   Code   RO         1091    .text               mf_w.l(fepilogue.o)
    0x0800d248   0x000000ba   Code   RO         1093    .text               mf_w.l(depilogue.o)
    0x0800d302   0x000000de   Code   RO         1095    .text               mf_w.l(ddiv.o)
    0x0800d3e0   0x00000024   Code   RO         1099    .text               mc_w.l(init.o)
    0x0800d404   0x00000020   Code   RO         1101    .text               mc_w.l(llushr.o)
    0x0800d424   0x000000a2   Code   RO         1103    .text               mf_w.l(dsqrt.o)
    0x0800d4c6   0x00000056   Code   RO         1113    .text               mc_w.l(__dczerorl2.o)
    0x0800d51c   0x00000030   Code   RO         1049    i.__ARM_fpclassify  m_wm.l(fpclassify.o)
    0x0800d54c   0x00000004   PAD
    0x0800d550   0x00000360   Code   RO          994    i.__hardfp_asin     m_wm.l(asin.o)
    0x0800d8b0   0x000000f8   Code   RO         1051    i.__kernel_poly     m_wm.l(poly.o)
    0x0800d9a8   0x00000014   Code   RO         1030    i.__mathlib_dbl_infnan  m_wm.l(dunder.o)
    0x0800d9bc   0x00000004   PAD
    0x0800d9c0   0x00000020   Code   RO         1032    i.__mathlib_dbl_invalid  m_wm.l(dunder.o)
    0x0800d9e0   0x00000020   Code   RO         1035    i.__mathlib_dbl_underflow  m_wm.l(dunder.o)
    0x0800da00   0x0000000e   Code   RO         1107    i.__scatterload_copy  mc_w.l(handlers.o)
    0x0800da0e   0x00000002   Code   RO         1108    i.__scatterload_null  mc_w.l(handlers.o)
    0x0800da10   0x0000000e   Code   RO         1109    i.__scatterload_zeroinit  mc_w.l(handlers.o)
    0x0800da1e   0x00000002   PAD
    0x0800da20   0x0000000c   Code   RO         1085    i.__set_errno       mc_w.l(errno.o)
    0x0800da2c   0x00000018   Code   RO         1045    i.fabs              m_wm.l(fabs.o)
    0x0800da44   0x0000006e   Code   RO         1055    i.sqrt              m_wm.l(sqrt.o)
    0x0800dab2   0x00000006   PAD
    0x0800dab8   0x00000050   Data   RO          997    .constdata          m_wm.l(asin.o)
    0x0800db08   0x00000020   Data   RO         1105    Region$$Table       anon$$obj.o


    Execution Region RW_IRAM1 (Base: 0x20000000, Size: 0x000018a0, Max: 0x00020000, ABSOLUTE, COMPRESSED[0x00000498])

    Base Addr    Size         Type   Attr      Idx    E Section Name        Object

    0x20000000   0x00000001   Data   RW            3    .data               main.o
    0x20000001   0x00000003   PAD
    0x20000004   0x0000000e   Data   RW          144    .data               scheduler.o
    0x20000012   0x00000002   PAD
    0x20000014   0x00000014   Data   RW          270    .data               ctrl.o
    0x20000028   0x00000038   Data   RW          293    .data               imu.o
    0x20000060   0x00000404   Data   RW          322    .data               mymath.o
    0x20000464   0x00000046   Data   RW          342    .data               rc.o
    0x200004aa   0x00000002   PAD
    0x200004ac   0x0000001b   Data   RW          367    .data               data_transfer.o
    0x200004c7   0x00000001   PAD
    0x200004c8   0x00000014   Data   RW          427    .data               filter.o
    0x200004dc   0x00000054   Data   RW          447    .data               myctrl.o
    0x20000530   0x00000044   Data   RW          470    .data               height_ctrl.o
    0x20000574   0x00000014   Data   RW          493    .data               time.o
    0x20000588   0x00000020   Data   RW          532    .data               pwm_in.o
    0x200005a8   0x00000004   Data   RW          558    .data               pwm_out.o
    0x200005ac   0x00000001   Data   RW          583    .data               i2c_soft.o
    0x200005ad   0x00000003   PAD
    0x200005b0   0x0000001c   Data   RW          610    .data               mpu6050.o
    0x200005cc   0x0000004a   Data   RW          638    .data               ak8975.o
    0x20000616   0x00000001   Data   RW          660    .data               led.o
    0x20000617   0x00000004   Data   RW          687    .data               usart.o
    0x2000061b   0x00000001   PAD
    0x2000061c   0x0000000b   Data   RW          713    .data               ultrasonic.o
    0x20000627   0x00000010   Data   RW          882    .data               stm32f4xx_rcc.o
    0x20000637   0x00000001   PAD
    0x20000638   0x00000014   Data   RW          967    .data               system_stm32f4xx.o
    0x2000064c   0x00000004   Data   RW         1086    .data               mc_w.l(errno.o)
    0x20000650   0x00000030   Zero   RW          143    .bss                scheduler.o
    0x20000680   0x00000100   Zero   RW          227    .bss                parameter.o
    0x20000780   0x00000204   Zero   RW          269    .bss                ctrl.o
    0x20000984   0x00000060   Zero   RW          292    .bss                imu.o
    0x200009e4   0x000000b0   Zero   RW          341    .bss                rc.o
    0x20000a94   0x00000092   Zero   RW          366    .bss                data_transfer.o
    0x20000b26   0x00000002   PAD
    0x20000b28   0x00000058   Zero   RW          426    .bss                filter.o
    0x20000b80   0x0000000c   Zero   RW          446    .bss                myctrl.o
    0x20000b8c   0x00000038   Zero   RW          469    .bss                height_ctrl.o
    0x20000bc4   0x0000003c   Zero   RW          492    .bss                time.o
    0x20000c00   0x00000010   Zero   RW          531    .bss                pwm_in.o
    0x20000c10   0x00000180   Zero   RW          609    .bss                mpu6050.o
    0x20000d90   0x0000000c   Zero   RW          637    .bss                ak8975.o
    0x20000d9c   0x00000300   Zero   RW          686    .bss                usart.o
    0x2000109c   0x00000004   PAD
    0x200010a0   0x00000800   Zero   RW          987    STACK               startup_stm32f4xx.o


==============================================================================

Image component sizes


      Code (inc. data)   RO Data    RW Data    ZI Data      Debug   Object Name

      1112         34          0         74         12       3052   ak8975.o
      4640        280          0         20        516       4523   ctrl.o
      7048        276          0         27        146      11498   data_transfer.o
       628         26          0         20         88       2551   filter.o
       612         68          0         68         56       3483   height_ctrl.o
       936         10          0          1          0       4434   i2c_soft.o
      2264        142          0         56         96       3093   imu.o
       120         10          0          0          0        595   init.o
       132         10          0          1          0       1091   led.o
        24          4          0          1          0     269792   main.o
       492         74          0          0          0       2137   misc.o
      2172         90          0         28        384      16551   mpu6050.o
       600        102          0         84         12       3939   myctrl.o
      1384        110          0       1028          0       4848   mymath.o
       836         62          0          0        256       3957   parameter.o
      1732        110          0         32         16       2592   pwm_in.o
       896         38          0          4          0       2534   pwm_out.o
      1444        124          0         70        176       3348   rc.o
       568         42          0         14         48       3562   scheduler.o
        36          8        392          0       2048        928   startup_stm32f4xx.o
      2326        132          0          0          0       5313   stm32f4xx_gpio.o
        72          4          0          0          0       1696   stm32f4xx_it.o
      3452        262          0         16          0      13059   stm32f4xx_rcc.o
     12948        670          0          0          0      29352   stm32f4xx_tim.o
      3764        164          0          0          0       9688   stm32f4xx_usart.o
       528         46          0         20          0       2123   system_stm32f4xx.o
       644         42          0         20         60      22545   time.o
       196         30          0         11          0       1437   ultrasonic.o
       812         40          0          4        768       2987   usart.o

    ----------------------------------------------------------------------
     52420       3010        424       1612       4688     436708   Object Totals
         0          0         32          0          0          0   (incl. Generated)
         2          0          0         13          6          0   (incl. Padding)

    ----------------------------------------------------------------------

      Code (inc. data)   RO Data    RW Data    ZI Data      Debug   Library Member Name

       864         94         80          0          0        280   asin.o
        84         16          0          0          0        372   dunder.o
        24          0          0          0          0        124   fabs.o
        48          0          0          0          0        124   fpclassify.o
       248          0          0          0          0        152   poly.o
       110          0          0          0          0        148   sqrt.o
        86          0          0          0          0          0   __dczerorl2.o
         0          0          0          0          0          0   entry.o
         0          0          0          0          0          0   entry10a.o
         0          0          0          0          0          0   entry11a.o
         8          4          0          0          0          0   entry2.o
         4          0          0          0          0          0   entry5.o
         0          0          0          0          0          0   entry7b.o
         0          0          0          0          0          0   entry8b.o
         8          4          0          0          0          0   entry9a.o
        12          6          0          4          0         68   errno.o
        30          0          0          0          0          0   handlers.o
        36          8          0          0          0         68   init.o
         0          0          0          0          0          0   iusefp.o
        30          0          0          0          0         68   llshl.o
        36          0          0          0          0         68   llsshr.o
        32          0          0          0          0         68   llushr.o
        36          0          0          0          0        108   memseta.o
        48          0          0          0          0         68   cdcmple.o
        48          0          0          0          0         68   cdrcmple.o
        56          0          0          0          0         88   d2f.o
       334          0          0          0          0        148   dadd.o
       222          0          0          0          0        100   ddiv.o
       186          0          0          0          0        176   depilogue.o
        34          0          0          0          0         76   dflti.o
       228          0          0          0          0         96   dmul.o
       162          0          0          0          0        100   dsqrt.o
        38          0          0          0          0         68   f2d.o
       110          0          0          0          0        168   fepilogue.o

    ----------------------------------------------------------------------
      3180        132         80          4          0       2804   Library Totals
        18          0          0          0          0          0   (incl. Padding)

    ----------------------------------------------------------------------

      Code (inc. data)   RO Data    RW Data    ZI Data      Debug   Library Name

      1378        110         80          0          0       1200   m_wm.l
       318         22          0          4          0        448   mc_w.l
      1466          0          0          0          0       1156   mf_w.l

    ----------------------------------------------------------------------
      3180        132         80          4          0       2804   Library Totals

    ----------------------------------------------------------------------

==============================================================================


      Code (inc. data)   RO Data    RW Data    ZI Data      Debug   

     55600       3142        504       1616       4688     433868   Grand Totals
     55600       3142        504       1176       4688     433868   ELF Image Totals (compressed)
     55600       3142        504       1176          0          0   ROM Totals

==============================================================================

    Total RO  Size (Code + RO Data)                56104 (  54.79kB)
    Total RW  Size (RW Data + ZI Data)              6304 (   6.16kB)
    Total ROM Size (Code + RO Data + RW Data)      57280 (  55.94kB)

==============================================================================

