Component: ARM Compiler 5.05 update 2 (build 169) Tool: armlink [4d0f33]

==============================================================================

Section Cross References

    main.o(.text) refers to init.o(.text) for All_Init
    main.o(.text) refers to scheduler.o(.text) for Duty_Loop
    main.o(.text) refers to main.o(.data) for Init_Finish
    stm32f4xx_it.o(.text) refers to time.o(.text) for sys_time
    stm32f4xx_it.o(.text) refers to pwm_in.o(.text) for _TIM3_IRQHandler
    stm32f4xx_it.o(.text) refers to usart.o(.text) for Usart2_IRQ
    stm32f4xx_it.o(.text) refers to time.o(.data) for sysTickUptime
    scheduler.o(.text) refers to time.o(.text) for Get_Cycle_T
    scheduler.o(.text) refers to data_transfer.o(.text) for ANO_DT_Data_Exchange
    scheduler.o(.text) refers to mpu6050.o(.text) for MPU6050_Read
    scheduler.o(.text) refers to ctrl.o(.text) for CTRL_1
    scheduler.o(.text) refers to rc.o(.text) for RC_Duty
    scheduler.o(.text) refers to imu.o(.text) for IMUupdate
    scheduler.o(.text) refers to ak8975.o(.text) for ANO_AK8975_Read
    scheduler.o(.text) refers to parameter.o(.text) for Parameter_Save
    scheduler.o(.text) refers to led.o(.text) for LED_Duty
    scheduler.o(.text) refers to ultrasonic.o(.text) for Ultra_Duty
    scheduler.o(.text) refers to myctrl.o(.text) for Safety_Belt
    scheduler.o(.text) refers to scheduler.o(.bss) for loop
    scheduler.o(.text) refers to pwm_in.o(.bss) for Rc_Pwm_In
    scheduler.o(.text) refers to mpu6050.o(.bss) for mpu6050
    scheduler.o(.text) refers to imu.o(.data) for Yaw
    scheduler.o(.text) refers to time.o(.data) for time_1ms
    scheduler.o(.text) refers to scheduler.o(.data) for loop_cnt
    init.o(.text) refers to misc.o(.text) for NVIC_PriorityGroupConfig
    init.o(.text) refers to time.o(.text) for SysTick_Configuration
    init.o(.text) refers to i2c_soft.o(.text) for I2c_Soft_Init
    init.o(.text) refers to pwm_in.o(.text) for PWM_IN_Init
    init.o(.text) refers to pwm_out.o(.text) for PWM_Out_Init
    init.o(.text) refers to mpu6050.o(.text) for MPU6050_Init
    init.o(.text) refers to led.o(.text) for LED_Init
    init.o(.text) refers to usart.o(.text) for Usart2_Init
    init.o(.text) refers to parameter.o(.text) for Para_Init
    init.o(.text) refers to ultrasonic.o(.text) for Ultrasonic_Init
    init.o(.text) refers to ak8975.o(.text) for ANO_AK8975_Run
    init.o(.text) refers to ak8975.o(.data) for ak8975_ok
    init.o(.text) refers to mpu6050.o(.data) for mpu6050_ok
    parameter.o(.text) refers to ctrl.o(.text) for Ctrl_Para_Init
    parameter.o(.text) refers to height_ctrl.o(.text) for Ultra_PID_Init
    parameter.o(.text) refers to myctrl.o(.text) for myctrl_PID_Init
    parameter.o(.text) refers to mpu6050.o(.bss) for mpu6050
    parameter.o(.text) refers to parameter.o(.bss) for sensor_setup
    parameter.o(.text) refers to ak8975.o(.data) for ak8975
    parameter.o(.text) refers to ctrl.o(.bss) for ctrl_1
    parameter.o(.text) refers to data_transfer.o(.data) for flash_save_en_cnt
    parameter.o(.text) refers to rc.o(.data) for fly_ready
    ctrl.o(.text) refers to mymath.o(.text) for my_deathzoom
    ctrl.o(.text) refers to f2d.o(.text) for __aeabi_f2d
    ctrl.o(.text) refers to dmul.o(.text) for __aeabi_dmul
    ctrl.o(.text) refers to dadd.o(.text) for __aeabi_dadd
    ctrl.o(.text) refers to d2f.o(.text) for __aeabi_d2f
    ctrl.o(.text) refers to ctrl.o(.bss) for ctrl_1
    ctrl.o(.text) refers to rc.o(.bss) for CH_filter
    ctrl.o(.text) refers to ctrl.o(.data) for Thr_Low
    ctrl.o(.text) refers to imu.o(.data) for Yaw
    ctrl.o(.text) refers to rc.o(.data) for fly_ready
    ctrl.o(.text) refers to pwm_out.o(.text) for SetPwm
    ctrl.o(.text) refers to height_ctrl.o(.text) for My_Height_Ctrl
    ctrl.o(.text) refers to myctrl.o(.text) for Landing
    ctrl.o(.text) refers to myctrl.o(.data) for landing_flag
    ctrl.o(.text) refers to height_ctrl.o(.data) for height_ctrl_out
    ctrl.o(.text) refers to mpu6050.o(.bss) for mpu6050
    imu.o(.text) refers to mymath.o(.text) for my_sqrt
    imu.o(.text) refers to filter.o(.text) for simple_3d_trans
    imu.o(.text) refers to ak8975.o(.data) for ak8975
    imu.o(.text) refers to imu.o(.data) for mag_norm_xyz
    imu.o(.text) refers to imu.o(.bss) for mag_tmp
    imu.o(.text) refers to f2d.o(.text) for __aeabi_f2d
    imu.o(.text) refers to asin.o(i.__hardfp_asin) for __hardfp_asin
    imu.o(.text) refers to dmul.o(.text) for __aeabi_dmul
    imu.o(.text) refers to d2f.o(.text) for __aeabi_d2f
    imu.o(.text) refers to rc.o(.data) for fly_ready
    mymath.o(.text) refers to cdcmple.o(.text) for __aeabi_cdcmple
    mymath.o(.text) refers to dmul.o(.text) for __aeabi_dmul
    mymath.o(.text) refers to dadd.o(.text) for __aeabi_dadd
    mymath.o(.text) refers to cdrcmple.o(.text) for __aeabi_cdrcmple
    mymath.o(.text) refers to dflti.o(.text) for __aeabi_i2d
    mymath.o(.text) refers to d2f.o(.text) for __aeabi_d2f
[...]
    init.s                                   0x00000000   Number         0  init.o ABSOLUTE
    RESET                                    0x08000000   Section      392  startup_stm32f4xx.o(RESET)
    .ARM.Collect$$$$00000000                 0x08000188   Section        0  entry.o(.ARM.Collect$$$$00000000)
    .ARM.Collect$$$$00000001                 0x08000188   Section        4  entry2.o(.ARM.Collect$$$$00000001)
    .ARM.Collect$$$$00000004                 0x0800018c   Section        4  entry5.o(.ARM.Collect$$$$00000004)
    .ARM.Collect$$$$00000008                 0x08000190   Section        0  entry7b.o(.ARM.Collect$$$$00000008)
    .ARM.Collect$$$$0000000A                 0x08000190   Section        0  entry8b.o(.ARM.Collect$$$$0000000A)
    .ARM.Collect$$$$0000000B                 0x08000190   Section        8  entry9a.o(.ARM.Collect$$$$0000000B)
    .ARM.Collect$$$$0000000D                 0x08000198   Section        0  entry10a.o(.ARM.Collect$$$$0000000D)
    .ARM.Collect$$$$0000000F                 0x08000198   Section        0  entry11a.o(.ARM.Collect$$$$0000000F)
    .ARM.Collect$$$$00002712                 0x08000198   Section        4  entry2.o(.ARM.Collect$$$$00002712)
    __lit__00000000                          0x08000198   Data           4  entry2.o(.ARM.Collect$$$$00002712)
    .text                                    0x0800019c   Section        0  main.o(.text)
    .text                                    0x080001b4   Section        0  stm32f4xx_it.o(.text)
    .text                                    0x080001fc   Section        0  scheduler.o(.text)
    .text                                    0x08000430   Section        0  init.o(.text)
    .text                                    0x080004a8   Section        0  parameter.o(.text)
    Param_SetSettingToFC                     0x080004a9   Thumb Code   186  parameter.o(.text)
    .text                                    0x080007f8   Section        0  ctrl.o(.text)
    .text                                    0x08001a2c   Section        0  imu.o(.text)
    .text                                    0x08002304   Section        0  mymath.o(.text)
    .text                                    0x0800286c   Section        0  rc.o(.text)
    .text                                    0x08002e04   Section        0  data_transfer.o(.text)
    ANO_DT_Send_Check                        0x080040a1   Thumb Code    62  data_transfer.o(.text)
    .text                                    0x080049a8   Section        0  filter.o(.text)
    .text                                    0x08004c1c   Section        0  myctrl.o(.text)
    .text                                    0x08004f78   Section        0  height_ctrl.o(.text)
    .text                                    0x080051dc   Section        0  time.o(.text)
    .text                                    0x08005460   Section        0  pwm_in.o(.text)
    .text                                    0x08005b24   Section        0  pwm_out.o(.text)
    .text                                    0x08005ea4   Section        0  i2c_soft.o(.text)
    .text                                    0x0800624c   Section        0  mpu6050.o(.text)
    .text                                    0x08006ac8   Section        0  ak8975.o(.text)
    .text                                    0x08006f20   Section        0  led.o(.text)
    .text                                    0x08006fa4   Section        0  usart.o(.text)
    .text                                    0x080072d0   Section        0  ultrasonic.o(.text)
    .text                                    0x08007394   Section        0  misc.o(.text)
    .text                                    0x08007580   Section        0  stm32f4xx_gpio.o(.text)
    .text                                    0x08007e98   Section        0  stm32f4xx_rcc.o(.text)
    .text                                    0x08008c14   Section        0  stm32f4xx_tim.o(.text)
    TI4_Config                               0x0800a931   Thumb Code   128  stm32f4xx_tim.o(.text)
    TI3_Config                               0x0800aa13   Thumb Code    72  stm32f4xx_tim.o(.text)
    TI2_Config                               0x0800aad1   Thumb Code    80  stm32f4xx_tim.o(.text)
    TI1_Config                               0x0800aba7   Thumb Code    58  stm32f4xx_tim.o(.text)
    .text                                    0x0800bea8   Section        0  stm32f4xx_usart.o(.text)
    .text                                    0x0800cd5c   Section        0  system_stm32f4xx.o(.text)
    SetSysClock                              0x0800cd5d   Thumb Code   220  system_stm32f4xx.o(.text)
    .text                                    0x0800cf6c   Section       36  startup_stm32f4xx.o(.text)
    $v0                                      0x0800cf6c   Number         0  startup_stm32f4xx.o(.text)
    .text                                    0x0800cf90   Section        0  memseta.o(.text)
    .text                                    0x0800cfb4   Section        0  dadd.o(.text)
    .text                                    0x0800d102   Section        0  dmul.o(.text)
    .text                                    0x0800d1e6   Section        0  dflti.o(.text)
    .text                                    0x0800d208   Section        0  f2d.o(.text)
    .text                                    0x0800d230   Section       48  cdcmple.o(.text)
    .text                                    0x0800d260   Section       48  cdrcmple.o(.text)
    .text                                    0x0800d290   Section        0  d2f.o(.text)
    .text                                    0x0800d2c8   Section        0  llshl.o(.text)
    .text                                    0x0800d2e6   Section        0  llsshr.o(.text)
    .text                                    0x0800d30a   Section        0  iusefp.o(.text)
    .text                                    0x0800d30a   Section        0  fepilogue.o(.text)
    .text                                    0x0800d378   Section        0  depilogue.o(.text)
    .text                                    0x0800d432   Section        0  ddiv.o(.text)
    .text                                    0x0800d510   Section       36  init.o(.text)
    .text                                    0x0800d534   Section        0  llushr.o(.text)
    .text                                    0x0800d554   Section        0  dsqrt.o(.text)
    .text                                    0x0800d5f6   Section        0  __dczerorl2.o(.text)
    i.__ARM_fpclassify                       0x0800d64c   Section        0  fpclassify.o(i.__ARM_fpclassify)
    i.__hardfp_asin                          0x0800d680   Section        0  asin.o(i.__hardfp_asin)
    i.__kernel_poly                          0x0800d9e0   Section        0  poly.o(i.__kernel_poly)
    i.__mathlib_dbl_infnan                   0x0800dad8   Section        0  dunder.o(i.__mathlib_dbl_infnan)
    i.__mathlib_dbl_invalid                  0x0800daf0   Section        0  dunder.o(i.__mathlib_dbl_invalid)
    i.__mathlib_dbl_underflow                0x0800db10   Section        0  dunder.o(i.__mathlib_dbl_underflow)
    i.__scatterload_copy                     0x0800db30   Section       14  handlers.o(i.__scatterload_copy)
    i.__scatterload_null                     0x0800db3e   Section        2  handlers.o(i.__scatterload_null)
    i.__scatterload_zeroinit                 0x0800db40   Section       14  handlers.o(i.__scatterload_zeroinit)
    i.__set_errno                            0x0800db50   Section        0  errno.o(i.__set_errno)
    i.fabs                                   0x0800db5c   Section        0  fabs.o(i.fabs)
    i.sqrt                                   0x0800db74   Section        0  sqrt.o(i.sqrt)
    .constdata                               0x0800dbe8   Section       80  asin.o(.constdata)
    pS                                       0x0800dbe8   Data          48  asin.o(.constdata)
    qS                                       0x0800dc18   Data          32  asin.o(.constdata)
    .data                                    0x20000000   Section        1  main.o(.data)
    .data                                    0x20000004   Section       14  scheduler.o(.data)
    thr_landing                              0x20000004   Data           4  scheduler.o(.data)
    thr_height_direct_ctrl                   0x20000008   Data           4  scheduler.o(.data)
    thr_soft_landing                         0x2000000c   Data           4  scheduler.o(.data)
    .data                                    0x20000014   Section       32  ctrl.o(.data)
    thr_landing                              0x20000014   Data           4  ctrl.o(.data)
    thr_height_direct_ctrl                   0x20000018   Data           4  ctrl.o(.data)
    thr_soft_landing                         0x2000001c   Data           4  ctrl.o(.data)
    thr                                      0x2000002c   Data           4  ctrl.o(.data)
    Thr_tmp                                  0x20000030   Data           4  ctrl.o(.data)
    .data                                    0x20000034   Section       56  imu.o(.data)
    yaw_correct                              0x20000064   Data           4  imu.o(.data)
    yaw_mag                                  0x20000068   Data           4  imu.o(.data)
    .data                                    0x2000006c   Section     1028  mymath.o(.data)
    .data                                    0x20000470   Section       70  rc.o(.data)
    .data                                    0x200004b8   Section       27  data_transfer.o(.data)
    thr_landing                              0x200004b8   Data           4  data_transfer.o(.data)
    thr_height_direct_ctrl                   0x200004bc   Data           4  data_transfer.o(.data)
    thr_soft_landing                         0x200004c0   Data           4  data_transfer.o(.data)
    cnt                                      0x200004c6   Data           1  data_transfer.o(.data)
    senser_cnt                               0x200004c7   Data           1  data_transfer.o(.data)
    senser2_cnt                              0x200004c8   Data           1  data_transfer.o(.data)
    user_cnt                                 0x200004c9   Data           1  data_transfer.o(.data)
    status_cnt                               0x200004ca   Data           1  data_transfer.o(.data)
    rcdata_cnt                               0x200004cb   Data           1  data_transfer.o(.data)
    motopwm_cnt                              0x200004cc   Data           1  data_transfer.o(.data)
    power_cnt                                0x200004cd   Data           1  data_transfer.o(.data)
    speed_cnt                                0x200004ce   Data           1  data_transfer.o(.data)
    location_cnt                             0x200004cf   Data           1  data_transfer.o(.data)
    _data_len                                0x200004d0   Data           1  data_transfer.o(.data)
    _data_cnt                                0x200004d1   Data           1  data_transfer.o(.data)
    state                                    0x200004d2   Data           1  data_transfer.o(.data)
    .data                                    0x200004d4   Section       20  filter.o(.data)
    pn                                       0x200004de   Data           1  filter.o(.data)
    h_tmp_x                                  0x200004e0   Data           4  filter.o(.data)
    h_tmp_y                                  0x200004e4   Data           4  filter.o(.data)
    .data                                    0x200004e8   Section      100  myctrl.o(.data)
    thr_landing                              0x200004e8   Data           4  myctrl.o(.data)
    thr_height_direct_ctrl                   0x200004ec   Data           4  myctrl.o(.data)
    thr_soft_landing                         0x200004f0   Data           4  myctrl.o(.data)
    .data                                    0x2000054c   Section       68  height_ctrl.o(.data)
    .data                                    0x20000590   Section       20  time.o(.data)
    .data                                    0x200005a4   Section       32  pwm_in.o(.data)
    temp_cnt1                                0x200005a4   Data           2  pwm_in.o(.data)
    temp_cnt1_2                              0x200005a6   Data           2  pwm_in.o(.data)
    temp_cnt2                                0x200005a8   Data           2  pwm_in.o(.data)
    temp_cnt2_2                              0x200005aa   Data           2  pwm_in.o(.data)
    temp_cnt3                                0x200005ac   Data           2  pwm_in.o(.data)
    temp_cnt3_2                              0x200005ae   Data           2  pwm_in.o(.data)
    temp_cnt4                                0x200005b0   Data           2  pwm_in.o(.data)
    temp_cnt4_2                              0x200005b2   Data           2  pwm_in.o(.data)
    temp_cnt1                                0x200005b4   Data           2  pwm_in.o(.data)
    temp_cnt1_2                              0x200005b6   Data           2  pwm_in.o(.data)
    temp_cnt2                                0x200005b8   Data           2  pwm_in.o(.data)
    temp_cnt2_2                              0x200005ba   Data           2  pwm_in.o(.data)
    temp_cnt3                                0x200005bc   Data           2  pwm_in.o(.data)
    temp_cnt3_2                              0x200005be   Data           2  pwm_in.o(.data)
    temp_cnt4                                0x200005c0   Data           2  pwm_in.o(.data)
    temp_cnt4_2                              0x200005c2   Data           2  pwm_in.o(.data)
    .data                                    0x200005c4   Section        4  pwm_out.o(.data)
    .data                                    0x200005c8   Section        1  i2c_soft.o(.data)
    .data                                    0x200005cc   Section       28  mpu6050.o(.data)
    .data                                    0x200005e8   Section       74  ak8975.o(.data)
    MagMAX                                   0x20000618   Data          12  ak8975.o(.data)
    MagMIN                                   0x20000624   Data          12  ak8975.o(.data)
    cnt_m                                    0x20000630   Data           2  ak8975.o(.data)
    .data                                    0x20000632   Section        1  led.o(.data)
    .data                                    0x20000633   Section        4  usart.o(.data)
    .data                                    0x20000638   Section       11  ultrasonic.o(.data)
    ultra_tmp                                0x20000642   Data           1  ultrasonic.o(.data)
    .data                                    0x20000643   Section       16  stm32f4xx_rcc.o(.data)
    APBAHBPrescTable                         0x20000643   Data          16  stm32f4xx_rcc.o(.data)
    .data                                    0x20000654   Section       20  system_stm32f4xx.o(.data)
    .data                                    0x20000668   Section        4  errno.o(.data)
    _errno                                   0x20000668   Data           4  errno.o(.data)
    .bss                                     0x2000066c   Section       36  scheduler.o(.bss)
    .bss                                     0x20000690   Section      256  parameter.o(.bss)
    .bss                                     0x20000790   Section      516  ctrl.o(.bss)
    .bss                                     0x20000994   Section       96  imu.o(.bss)
    mag_tmp                                  0x200009e8   Data          12  imu.o(.bss)
    .bss                                     0x200009f4   Section      176  rc.o(.bss)
    Mapped_CH                                0x20000a94   Data          16  rc.o(.bss)
    .bss                                     0x20000aa4   Section      134  data_transfer.o(.bss)
    RxBuffer                                 0x20000af8   Data          50  data_transfer.o(.bss)
    .bss                                     0x20000b2c   Section       88  filter.o(.bss)
    .bss                                     0x20000b84   Section       56  height_ctrl.o(.bss)
    .bss                                     0x20000bbc   Section       60  time.o(.bss)
    .bss                                     0x20000bf8   Section       16  pwm_in.o(.bss)
    .bss                                     0x20000c08   Section      384  mpu6050.o(.bss)
    .bss                                     0x20000d88   Section       12  ak8975.o(.bss)
    MagSum                                   0x20000d88   Data          12  ak8975.o(.bss)
    .bss                                     0x20000d94   Section      768  usart.o(.bss)
    STACK                                    0x20001098   Section     2048  startup_stm32f4xx.o(STACK)

    Global Symbols

    Symbol Name                              Value     Ov Type        Size  Object(Section)

    BuildAttributes$$THM_ISAv4$E$P$D$K$B$S$7EM$VFPi3$EXTD16$VFPS$VFMA$PE$A:L22UL41UL21$X:L11$S22US41US21$IEEE1$IW$USESV6$~STKCKD$USESV7$~SHL$OTIME$ROPI$IEEEX$EBA8$MICROLIB$REQ8$PRES8$EABIv2 0x00000000   Number         0  anon$$obj.o ABSOLUTE
    __ARM_use_no_argv                        0x00000000   Number         0  main.o ABSOLUTE
    __cpp_initialize__aeabi_                  - Undefined Weak Reference
    __cxa_finalize                            - Undefined Weak Reference
    _clock_init                               - Undefined Weak Reference
    _microlib_exit                            - Undefined Weak Reference
    __Vectors_Size                           0x00000188   Number         0  startup_stm32f4xx.o ABSOLUTE
    __Vectors                                0x08000000   Data           4  startup_stm32f4xx.o(RESET)
    __Vectors_End                            0x08000188   Data           0  startup_stm32f4xx.o(RESET)
    __main                                   0x08000189   Thumb Code     0  entry.o(.ARM.Collect$$$$00000000)
    _main_stk                                0x08000189   Thumb Code     0  entry2.o(.ARM.Collect$$$$00000001)
    _main_scatterload                        0x0800018d   Thumb Code     0  entry5.o(.ARM.Collect$$$$00000004)
    __main_after_scatterload                 0x08000191   Thumb Code     0  entry5.o(.ARM.Collect$$$$00000004)
    _main_clock                              0x08000191   Thumb Code     0  entry7b.o(.ARM.Collect$$$$00000008)
    _main_cpp_init                           0x08000191   Thumb Code     0  entry8b.o(.ARM.Collect$$$$0000000A)
    _main_init                               0x08000191   Thumb Code     0  entry9a.o(.ARM.Collect$$$$0000000B)
    __rt_final_cpp                           0x08000199   Thumb Code     0  entry10a.o(.ARM.Collect$$$$0000000D)
    __rt_final_exit                          0x08000199   Thumb Code     0  entry11a.o(.ARM.Collect$$$$0000000F)
    assert_failed                            0x0800019d   Thumb Code     4  main.o(.text)
    main                                     0x080001a1   Thumb Code    16  main.o(.text)
    NMI_Handler                              0x080001b5   Thumb Code     2  stm32f4xx_it.o(.text)
    MemManage_Handler                        0x080001b7   Thumb Code     4  stm32f4xx_it.o(.text)
    BusFault_Handler                         0x080001bb   Thumb Code     4  stm32f4xx_it.o(.text)
    UsageFault_Handler                       0x080001bf   Thumb Code     4  stm32f4xx_it.o(.text)
    SVC_Handler                              0x080001c3   Thumb Code     2  stm32f4xx_it.o(.text)
    DebugMon_Handler                         0x080001c5   Thumb Code     2  stm32f4xx_it.o(.text)
    SysTick_Handler                          0x080001c7   Thumb Code    18  stm32f4xx_it.o(.text)
    TIM3_IRQHandler                          0x080001d9   Thumb Code     8  stm32f4xx_it.o(.text)
    TIM4_IRQHandler                          0x080001e1   Thumb Code     8  stm32f4xx_it.o(.text)
    USART2_IRQHandler                        0x080001e9   Thumb Code     8  stm32f4xx_it.o(.text)
    UART5_IRQHandler                         0x080001f1   Thumb Code     8  stm32f4xx_it.o(.text)
    Loop_check                               0x080001fd   Thumb Code    86  scheduler.o(.text)
    Duty_1ms                                 0x08000253   Thumb Code    14  scheduler.o(.text)
    Duty_2ms                                 0x08000261   Thumb Code   104  scheduler.o(.text)
    Duty_5ms                                 0x080002c9   Thumb Code   154  scheduler.o(.text)
    Duty_10ms                                0x08000363   Thumb Code     8  scheduler.o(.text)
    Duty_20ms                                0x0800036b   Thumb Code     8  scheduler.o(.text)
    Duty_50ms                                0x08000373   Thumb Code    16  scheduler.o(.text)
    Duty_Loop                                0x08000383   Thumb Code   132  scheduler.o(.text)
    All_Init                                 0x08000431   Thumb Code   110  init.o(.text)
    PID_Para_Init                            0x08000563   Thumb Code    16  parameter.o(.text)
    Para_ResetToFactorySetup                 0x08000573   Thumb Code   278  parameter.o(.text)
    Para_Init                                0x08000689   Thumb Code    16  parameter.o(.text)
    Param_SaveAccelOffset                    0x08000699   Thumb Code    34  parameter.o(.text)
    Param_SaveGyroOffset                     0x080006bb   Thumb Code    36  parameter.o(.text)
    Param_SaveMagOffset                      0x080006df   Thumb Code    24  parameter.o(.text)
    Param_Save_3d_offset                     0x080006f7   Thumb Code    24  parameter.o(.text)
    Param_SavePID                            0x0800070f   Thumb Code   120  parameter.o(.text)
    Parameter_Save                           0x08000787   Thumb Code    44  parameter.o(.text)
    Ctrl_Para_Init                           0x080007f9   Thumb Code    36  ctrl.o(.text)
    CTRL_2                                   0x0800081d   Thumb Code  1500  ctrl.o(.text)
    All_Out                                  0x08000df9   Thumb Code   958  ctrl.o(.text)
    Thr_Ctrl                                 0x080011b7   Thumb Code   270  ctrl.o(.text)
    CTRL_1                                   0x080012c5   Thumb Code  1874  ctrl.o(.text)
    IMUupdate                                0x08001a2d   Thumb Code  2258  imu.o(.text)
    my_abs                                   0x08002305   Thumb Code    26  mymath.o(.text)
    fast_atan2                               0x0800231f   Thumb Code   350  mymath.o(.text)
    my_atan                                  0x0800247d   Thumb Code    24  mymath.o(.text)
    my_pow                                   0x08002495   Thumb Code    10  mymath.o(.text)
    my_sqrt                                  0x0800249f   Thumb Code    88  mymath.o(.text)
    mx_sin                                   0x080024f7   Thumb Code   292  mymath.o(.text)
    my_sin                                   0x0800261b   Thumb Code   108  mymath.o(.text)
    my_cos                                   0x08002687   Thumb Code   136  mymath.o(.text)
    my_deathzoom                             0x0800270f   Thumb Code   158  mymath.o(.text)
    my_deathzoom_2                           0x080027ad   Thumb Code    40  mymath.o(.text)
    To_180_degrees                           0x080027d5   Thumb Code    58  mymath.o(.text)
    my_pow_2_curve                           0x0800280f   Thumb Code    80  mymath.o(.text)
    CH_Mapping_Fun                           0x0800286d   Thumb Code    28  rc.o(.text)
    Fly_Ready                                0x08002889   Thumb Code   238  rc.o(.text)
    RC_Duty                                  0x08002977   Thumb Code  1114  rc.o(.text)
    Feed_Rc_Dog                              0x08002dd1   Thumb Code    12  rc.o(.text)
    Mode                                     0x08002ddd   Thumb Code     2  rc.o(.text)
    ANO_DT_Send_Data                         0x08002e05   Thumb Code    16  data_transfer.o(.text)
    ANO_DT_Send_Location                     0x08002e15   Thumb Code   290  data_transfer.o(.text)
    ANO_DT_Send_PID                          0x08002f37   Thumb Code   562  data_transfer.o(.text)
    ANO_DT_Send_Power                        0x08003169   Thumb Code   148  data_transfer.o(.text)
    ANO_DT_Send_MotoPWM                      0x080031fd   Thumb Code   294  data_transfer.o(.text)
    ANO_DT_Send_RCData                       0x08003323   Thumb Code   350  data_transfer.o(.text)
    ANO_DT_Send_Senser2                      0x08003481   Thumb Code   154  data_transfer.o(.text)
    ANO_DT_Send_Senser                       0x0800351b   Thumb Code   412  data_transfer.o(.text)
    ANO_DT_Send_User                         0x080036b7   Thumb Code   294  data_transfer.o(.text)
    ANO_DT_Send_Speed                        0x080037dd   Thumb Code   242  data_transfer.o(.text)
    ANO_DT_Send_Status                       0x080038cf   Thumb Code   384  data_transfer.o(.text)
    ANO_DT_Send_Version                      0x08003a4f   Thumb Code   192  data_transfer.o(.text)
    ANO_DT_Data_Exchange                     0x08003b0f   Thumb Code  1426  data_transfer.o(.text)
    ANO_DT_Data_Receive_Anl                  0x080040df   Thumb Code  2008  data_transfer.o(.text)
    ANO_DT_Data_Receive_Prepare              0x080048b7   Thumb Code   216  data_transfer.o(.text)
    Moving_Average                           0x080049a9   Thumb Code    94  filter.o(.text)
    Moving_Median                            0x08004a07   Thumb Code   236  filter.o(.text)
    simple_3d_trans                          0x08004af3   Thumb Code   272  filter.o(.text)
    myctrl_PID_Init                          0x08004c1d   Thumb Code    62  myctrl.o(.text)
    Take_off                                 0x08004c5b   Thumb Code    66  myctrl.o(.text)
    Landing                                  0x08004c9d   Thumb Code   364  myctrl.o(.text)
    Height_Direct_Ctrl                       0x08004e09   Thumb Code    16  myctrl.o(.text)
    Safety_Belt                              0x08004e19   Thumb Code   218  myctrl.o(.text)
    Ultra_PID_Init                           0x08004f79   Thumb Code    62  height_ctrl.o(.text)
    PositionPID                              0x08004fb7   Thumb Code   218  height_ctrl.o(.text)
    My_Height_Ctrl                           0x08005091   Thumb Code   264  height_ctrl.o(.text)
    TIM_CONF                                 0x080051dd   Thumb Code    86  time.o(.text)
    TIM_NVIC                                 0x08005233   Thumb Code    34  time.o(.text)
    TIM_INIT                                 0x08005255   Thumb Code    20  time.o(.text)
    SysTick_Configuration                    0x08005269   Thumb Code   100  time.o(.text)
    GetSysTime_us                            0x080052cd   Thumb Code    48  time.o(.text)
    Delay_us                                 0x080052fd   Thumb Code    24  time.o(.text)
    Delay_ms                                 0x08005315   Thumb Code    24  time.o(.text)
    sys_time                                 0x0800532d   Thumb Code   126  time.o(.text)
    Get_Cycle_T                              0x080053ab   Thumb Code   118  time.o(.text)
    Cycle_Time_Init                          0x08005421   Thumb Code    22  time.o(.text)
    PWM_IN_Init                              0x08005461   Thumb Code   698  pwm_in.o(.text)
    _TIM3_IRQHandler                         0x0800571b   Thumb Code   526  pwm_in.o(.text)
    _TIM4_IRQHandler                         0x08005929   Thumb Code   450  pwm_in.o(.text)
    PWM_Out_Init                             0x08005b25   Thumb Code   706  pwm_out.o(.text)
    CH_out_Mapping_Fun                       0x08005de7   Thumb Code    28  pwm_out.o(.text)
    SetPwm                                   0x08005e03   Thumb Code   124  pwm_out.o(.text)
    I2c_Soft_delay                           0x08005ea5   Thumb Code    42  i2c_soft.o(.text)
    I2c_Soft_Init                            0x08005ecf   Thumb Code    46  i2c_soft.o(.text)
    I2c_Soft_Start                           0x08005efd   Thumb Code    86  i2c_soft.o(.text)
    I2c_Soft_Stop                            0x08005f53   Thumb Code    52  i2c_soft.o(.text)
    I2c_Soft_Ask                             0x08005f87   Thumb Code    52  i2c_soft.o(.text)
    I2c_Soft_NoAsk                           0x08005fbb   Thumb Code    52  i2c_soft.o(.text)
    I2c_Soft_WaitAsk                         0x08005fef   Thumb Code    88  i2c_soft.o(.text)
    I2c_Soft_SendByte                        0x08006047   Thumb Code    84  i2c_soft.o(.text)
    I2c_Soft_ReadByte                        0x0800609b   Thumb Code    96  i2c_soft.o(.text)
    IIC_Write_1Byte                          0x080060fb   Thumb Code    62  i2c_soft.o(.text)
    IIC_Read_1Byte                           0x08006139   Thumb Code    80  i2c_soft.o(.text)
    IIC_Write_nByte                          0x08006189   Thumb Code    78  i2c_soft.o(.text)
    IIC_Read_nByte                           0x080061d7   Thumb Code   108  i2c_soft.o(.text)
    MPU6050_Read                             0x0800624d   Thumb Code    22  mpu6050.o(.text)
    IICwriteBit                              0x08006263   Thumb Code    78  mpu6050.o(.text)
    IICwriteBits                             0x080062b1   Thumb Code   102  mpu6050.o(.text)
    MPU6050_set_SMPLRT_DIV                   0x08006317   Thumb Code    28  mpu6050.o(.text)
    MPU6050_setClockSource                   0x08006333   Thumb Code    20  mpu6050.o(.text)
    MPU6050_setFullScaleGyroRange            0x08006347   Thumb Code    36  mpu6050.o(.text)
    MPU6050_setFullScaleAccelRange           0x0800636b   Thumb Code    36  mpu6050.o(.text)
    MPU6050_setSleepEnabled                  0x0800638f   Thumb Code    18  mpu6050.o(.text)
    MPU6050_setI2CMasterModeEnabled          0x080063a1   Thumb Code    18  mpu6050.o(.text)
    MPU6050_setI2CBypassEnabled              0x080063b3   Thumb Code    18  mpu6050.o(.text)
    MPU6050_setDLPF                          0x080063c5   Thumb Code    20  mpu6050.o(.text)
    MPU6050_INT_Config                       0x080063d9   Thumb Code    56  mpu6050.o(.text)
    MPU6050_Init                             0x08006411   Thumb Code   184  mpu6050.o(.text)
    MPU6050_Data_Offset                      0x080064c9   Thumb Code   482  mpu6050.o(.text)
    Transform                                0x080066ab   Thumb Code    14  mpu6050.o(.text)
    MPU6050_Data_Prepare                     0x080066b9   Thumb Code  1040  mpu6050.o(.text)
    ANO_AK8975_Run                           0x08006ac9   Thumb Code    22  ak8975.o(.text)
    XYZ_STRUCT_COPY                          0x08006adf   Thumb Code    40  ak8975.o(.text)
    ANO_AK8975_CalOffset_Mag                 0x08006b07   Thumb Code   750  ak8975.o(.text)
    ANO_AK8975_Read_Mag_Data                 0x08006df5   Thumb Code   272  ak8975.o(.text)
    ANO_AK8975_Get_Mag                       0x08006f05   Thumb Code    16  ak8975.o(.text)
    ANO_AK8975_Read                          0x08006f15   Thumb Code     8  ak8975.o(.text)
    LED_Init                                 0x08006f21   Thumb Code    50  led.o(.text)
    LED_Duty                                 0x08006f53   Thumb Code    44  led.o(.text)
    LED_MPU_Err                              0x08006f7f   Thumb Code    14  led.o(.text)
    LED_Mag_Err                              0x08006f8d   Thumb Code    14  led.o(.text)
    Usart2_Init                              0x08006fa5   Thumb Code   230  usart.o(.text)
    Usart2_IRQ                               0x0800708b   Thumb Code   120  usart.o(.text)
    Usart2_Send                              0x08007103   Thumb Code    62  usart.o(.text)
    Uart5_Init                               0x08007141   Thumb Code   206  usart.o(.text)
    Uart5_IRQ                                0x0800720f   Thumb Code    94  usart.o(.text)
    Uart5_Send                               0x0800726d   Thumb Code    60  usart.o(.text)
    Ultrasonic_Init                          0x080072d1   Thumb Code    12  ultrasonic.o(.text)
    Ultra_Duty                               0x080072dd   Thumb Code    56  ultrasonic.o(.text)
    Ultra_Get                                0x08007315   Thumb Code    98  ultrasonic.o(.text)
    NVIC_PriorityGroupConfig                 0x08007395   Thumb Code    54  misc.o(.text)
    NVIC_Init                                0x080073cb   Thumb Code   164  misc.o(.text)
    NVIC_SetVectorTable                      0x0800746f   Thumb Code    60  misc.o(.text)
    NVIC_SystemLPConfig                      0x080074ab   Thumb Code    78  misc.o(.text)
    SysTick_CLKSourceConfig                  0x080074f9   Thumb Code    62  misc.o(.text)
    GPIO_DeInit                              0x08007581   Thumb Code   284  stm32f4xx_gpio.o(.text)
    GPIO_Init                                0x0800769d   Thumb Code   342  stm32f4xx_gpio.o(.text)
    GPIO_StructInit                          0x080077f3   Thumb Code    18  stm32f4xx_gpio.o(.text)
    GPIO_PinLockConfig                       0x08007805   Thumb Code   122  stm32f4xx_gpio.o(.text)
    GPIO_ReadInputDataBit                    0x0800787f   Thumb Code   182  stm32f4xx_gpio.o(.text)
    GPIO_ReadInputData                       0x08007935   Thumb Code   174  stm32f4xx_gpio.o(.text)
    GPIO_ReadOutputDataBit                   0x080079e3   Thumb Code   186  stm32f4xx_gpio.o(.text)
    GPIO_ReadOutputData                      0x08007a9d   Thumb Code    78  stm32f4xx_gpio.o(.text)
    GPIO_SetBits                             0x08007aeb   Thumb Code    98  stm32f4xx_gpio.o(.text)
    GPIO_ResetBits                           0x08007b4d   Thumb Code    98  stm32f4xx_gpio.o(.text)
    GPIO_WriteBit                            0x08007baf   Thumb Code   200  stm32f4xx_gpio.o(.text)
    GPIO_Write                               0x08007c77   Thumb Code    78  stm32f4xx_gpio.o(.text)
    GPIO_ToggleBits                          0x08007cc5   Thumb Code    82  stm32f4xx_gpio.o(.text)
    GPIO_PinAFConfig                         0x08007d17   Thumb Code   384  stm32f4xx_gpio.o(.text)
    RCC_DeInit                               0x08007e99   Thumb Code    60  stm32f4xx_rcc.o(.text)
    RCC_HSEConfig                            0x08007ed5   Thumb Code    38  stm32f4xx_rcc.o(.text)
    RCC_GetFlagStatus                        0x08007efb   Thumb Code   130  stm32f4xx_rcc.o(.text)
    RCC_WaitForHSEStartUp                    0x08007f7d   Thumb Code    56  stm32f4xx_rcc.o(.text)
    RCC_AdjustHSICalibrationValue            0x08007fb5   Thumb Code    38  stm32f4xx_rcc.o(.text)
    RCC_HSICmd                               0x08007fdb   Thumb Code    28  stm32f4xx_rcc.o(.text)
    RCC_LSEConfig                            0x08007ff7   Thumb Code    72  stm32f4xx_rcc.o(.text)
    RCC_LSICmd                               0x0800803f   Thumb Code    28  stm32f4xx_rcc.o(.text)
    RCC_PLLConfig                            0x0800805b   Thumb Code   156  stm32f4xx_rcc.o(.text)
    RCC_PLLCmd                               0x080080f7   Thumb Code    28  stm32f4xx_rcc.o(.text)
    RCC_PLLI2SConfig                         0x08008113   Thumb Code    62  stm32f4xx_rcc.o(.text)
    RCC_PLLI2SCmd                            0x08008151   Thumb Code    28  stm32f4xx_rcc.o(.text)
    RCC_ClockSecuritySystemCmd               0x0800816d   Thumb Code    28  stm32f4xx_rcc.o(.text)
    RCC_MCO1Config                           0x08008189   Thumb Code   102  stm32f4xx_rcc.o(.text)
    RCC_MCO2Config                           0x080081ef   Thumb Code   102  stm32f4xx_rcc.o(.text)
    RCC_SYSCLKConfig                         0x08008255   Thumb Code   124  stm32f4xx_rcc.o(.text)
    RCC_GetSYSCLKSource                      0x080082d1   Thumb Code    10  stm32f4xx_rcc.o(.text)
    RCC_HCLKConfig                           0x080082db   Thumb Code    68  stm32f4xx_rcc.o(.text)
    RCC_PCLK1Config                          0x0800831f   Thumb Code    60  stm32f4xx_rcc.o(.text)
    RCC_PCLK2Config                          0x0800835b   Thumb Code    62  stm32f4xx_rcc.o(.text)
    RCC_GetClocksFreq                        0x08008399   Thumb Code   214  stm32f4xx_rcc.o(.text)
    RCC_RTCCLKConfig                         0x0800846f   Thumb Code   262  stm32f4xx_rcc.o(.text)
    RCC_RTCCLKCmd                            0x08008575   Thumb Code    30  stm32f4xx_rcc.o(.text)
    RCC_BackupResetCmd                       0x08008593   Thumb Code    32  stm32f4xx_rcc.o(.text)
    RCC_I2SCLKConfig                         0x080085b3   Thumb Code    30  stm32f4xx_rcc.o(.text)
    RCC_AHB1PeriphClockCmd                   0x080085d1   Thumb Code    82  stm32f4xx_rcc.o(.text)
    RCC_AHB2PeriphClockCmd                   0x08008623   Thumb Code    82  stm32f4xx_rcc.o(.text)
    RCC_AHB3PeriphClockCmd                   0x08008675   Thumb Code   232  stm32f4xx_rcc.o(.text)
    RCC_APB1PeriphClockCmd                   0x0800875d   Thumb Code    82  stm32f4xx_rcc.o(.text)
    RCC_APB2PeriphClockCmd                   0x080087af   Thumb Code    82  stm32f4xx_rcc.o(.text)
    RCC_AHB1PeriphResetCmd                   0x08008801   Thumb Code    82  stm32f4xx_rcc.o(.text)
    RCC_AHB2PeriphResetCmd                   0x08008853   Thumb Code    82  stm32f4xx_rcc.o(.text)
    RCC_AHB3PeriphResetCmd                   0x080088a5   Thumb Code    82  stm32f4xx_rcc.o(.text)
    RCC_APB1PeriphResetCmd                   0x080088f7   Thumb Code    82  stm32f4xx_rcc.o(.text)
    RCC_APB2PeriphResetCmd                   0x08008949   Thumb Code    82  stm32f4xx_rcc.o(.text)
    RCC_AHB1PeriphClockLPModeCmd             0x0800899b   Thumb Code    82  stm32f4xx_rcc.o(.text)
    RCC_AHB2PeriphClockLPModeCmd             0x080089ed   Thumb Code    82  stm32f4xx_rcc.o(.text)
    RCC_AHB3PeriphClockLPModeCmd             0x08008a3f   Thumb Code    82  stm32f4xx_rcc.o(.text)
    RCC_APB1PeriphClockLPModeCmd             0x08008a91   Thumb Code    82  stm32f4xx_rcc.o(.text)
    RCC_APB2PeriphClockLPModeCmd             0x08008ae3   Thumb Code   106  stm32f4xx_rcc.o(.text)
    RCC_ITConfig                             0x08008b4d   Thumb Code    74  stm32f4xx_rcc.o(.text)
    RCC_ClearFlag                            0x08008b97   Thumb Code    18  stm32f4xx_rcc.o(.text)
    RCC_GetITStatus                          0x08008ba9   Thumb Code    68  stm32f4xx_rcc.o(.text)
    RCC_ClearITPendingBit                    0x08008bed   Thumb Code    34  stm32f4xx_rcc.o(.text)
    TIM_DeInit                               0x08008c15   Thumb Code   440  stm32f4xx_tim.o(.text)
    TIM_TimeBaseInit                         0x08008dcd   Thumb Code   278  stm32f4xx_tim.o(.text)
    TIM_TimeBaseStructInit                   0x08008ee3   Thumb Code    18  stm32f4xx_tim.o(.text)
    TIM_PrescalerConfig                      0x08008ef5   Thumb Code   128  stm32f4xx_tim.o(.text)
    TIM_CounterModeConfig                    0x08008f75   Thumb Code   100  stm32f4xx_tim.o(.text)
    TIM_SetCounter                           0x08008fd9   Thumb Code   222  stm32f4xx_tim.o(.text)
    TIM_SetAutoreload                        0x080090b7   Thumb Code   108  stm32f4xx_tim.o(.text)
    TIM_GetCounter                           0x08009123   Thumb Code   106  stm32f4xx_tim.o(.text)
    TIM_GetPrescaler                         0x0800918d   Thumb Code   106  stm32f4xx_tim.o(.text)
    TIM_UpdateDisableConfig                  0x080091f7   Thumb Code   148  stm32f4xx_tim.o(.text)
    TIM_UpdateRequestConfig                  0x0800928b   Thumb Code   148  stm32f4xx_tim.o(.text)
    TIM_ARRPreloadConfig                     0x0800931f   Thumb Code   148  stm32f4xx_tim.o(.text)
    TIM_SelectOnePulseMode                   0x080093b3   Thumb Code   142  stm32f4xx_tim.o(.text)
    TIM_SetClockDivision                     0x08009441   Thumb Code   192  stm32f4xx_tim.o(.text)
    TIM_Cmd                                  0x08009501   Thumb Code   148  stm32f4xx_tim.o(.text)
    TIM_OC1Init                              0x08009595   Thumb Code   416  stm32f4xx_tim.o(.text)
    TIM_OC2Init                              0x08009735   Thumb Code   486  stm32f4xx_tim.o(.text)
    TIM_OC3Init                              0x0800991b   Thumb Code   416  stm32f4xx_tim.o(.text)
    TIM_OC4Init                              0x08009abb   Thumb Code   300  stm32f4xx_tim.o(.text)
    TIM_OCStructInit                         0x08009be7   Thumb Code    20  stm32f4xx_tim.o(.text)
    TIM_SelectOCxM                           0x08009bfb   Thumb Code   256  stm32f4xx_tim.o(.text)
    TIM_SetCompare1                          0x08009cfb   Thumb Code   142  stm32f4xx_tim.o(.text)
    TIM_SetCompare2                          0x08009d89   Thumb Code    72  stm32f4xx_tim.o(.text)
    TIM_SetCompare3                          0x08009dd1   Thumb Code    60  stm32f4xx_tim.o(.text)
    TIM_SetCompare4                          0x08009e0d   Thumb Code    60  stm32f4xx_tim.o(.text)
    TIM_ForcedOC1Config                      0x08009e49   Thumb Code   130  stm32f4xx_tim.o(.text)
    TIM_ForcedOC2Config                      0x08009ecb   Thumb Code   114  stm32f4xx_tim.o(.text)
    TIM_ForcedOC3Config                      0x08009f3d   Thumb Code    94  stm32f4xx_tim.o(.text)
    TIM_ForcedOC4Config                      0x08009f9b   Thumb Code   102  stm32f4xx_tim.o(.text)
    TIM_OC1PreloadConfig                     0x0800a001   Thumb Code   124  stm32f4xx_tim.o(.text)
    TIM_OC2PreloadConfig                     0x0800a07d   Thumb Code   108  stm32f4xx_tim.o(.text)
    TIM_OC3PreloadConfig                     0x0800a0e9   Thumb Code   136  stm32f4xx_tim.o(.text)
    TIM_OC4PreloadConfig                     0x0800a171   Thumb Code    96  stm32f4xx_tim.o(.text)
    TIM_OC1FastConfig                        0x0800a1d1   Thumb Code   124  stm32f4xx_tim.o(.text)
    TIM_OC2FastConfig                        0x0800a24d   Thumb Code   108  stm32f4xx_tim.o(.text)
    TIM_OC3FastConfig                        0x0800a2b9   Thumb Code    88  stm32f4xx_tim.o(.text)
    TIM_OC4FastConfig                        0x0800a311   Thumb Code    96  stm32f4xx_tim.o(.text)
    TIM_ClearOC1Ref                          0x0800a371   Thumb Code   124  stm32f4xx_tim.o(.text)
    TIM_ClearOC2Ref                          0x0800a3ed   Thumb Code   106  stm32f4xx_tim.o(.text)
    TIM_ClearOC3Ref                          0x0800a457   Thumb Code    88  stm32f4xx_tim.o(.text)
    TIM_ClearOC4Ref                          0x0800a4af   Thumb Code    94  stm32f4xx_tim.o(.text)
    TIM_OC1PolarityConfig                    0x0800a50d   Thumb Code   174  stm32f4xx_tim.o(.text)
    TIM_OC1NPolarityConfig                   0x0800a5bb   Thumb Code    64  stm32f4xx_tim.o(.text)
    TIM_OC2PolarityConfig                    0x0800a5fb   Thumb Code   108  stm32f4xx_tim.o(.text)
    TIM_OC2NPolarityConfig                   0x0800a667   Thumb Code    72  stm32f4xx_tim.o(.text)
    TIM_OC3PolarityConfig                    0x0800a6af   Thumb Code    96  stm32f4xx_tim.o(.text)
    TIM_OC3NPolarityConfig                   0x0800a70f   Thumb Code    72  stm32f4xx_tim.o(.text)
    TIM_OC4PolarityConfig                    0x0800a757   Thumb Code    96  stm32f4xx_tim.o(.text)
    TIM_CCxCmd                               0x0800a7b7   Thumb Code   168  stm32f4xx_tim.o(.text)
    TIM_CCxNCmd                              0x0800a85f   Thumb Code   104  stm32f4xx_tim.o(.text)
    TIM_SetIC4Prescaler                      0x0800a8c7   Thumb Code   106  stm32f4xx_tim.o(.text)
    TIM_SetIC3Prescaler                      0x0800a9b1   Thumb Code    98  stm32f4xx_tim.o(.text)
    TIM_SetIC2Prescaler                      0x0800aa5b   Thumb Code   118  stm32f4xx_tim.o(.text)
    TIM_SetIC1Prescaler                      0x0800ab21   Thumb Code   134  stm32f4xx_tim.o(.text)
    TIM_ICInit                               0x0800abe1   Thumb Code   508  stm32f4xx_tim.o(.text)
    TIM_ICStructInit                         0x0800addd   Thumb Code    18  stm32f4xx_tim.o(.text)
    TIM_PWMIConfig                           0x0800adef   Thumb Code   184  stm32f4xx_tim.o(.text)
    TIM_GetCapture1                          0x0800aea7   Thumb Code    92  stm32f4xx_tim.o(.text)
    TIM_GetCapture2                          0x0800af03   Thumb Code    68  stm32f4xx_tim.o(.text)
    TIM_GetCapture3                          0x0800af47   Thumb Code    56  stm32f4xx_tim.o(.text)
    TIM_GetCapture4                          0x0800af7f   Thumb Code    56  stm32f4xx_tim.o(.text)
    TIM_BDTRConfig                           0x0800afb7   Thumb Code   222  stm32f4xx_tim.o(.text)
    TIM_BDTRStructInit                       0x0800b095   Thumb Code    18  stm32f4xx_tim.o(.text)
    TIM_CtrlPWMOutputs                       0x0800b0a7   Thumb Code    78  stm32f4xx_tim.o(.text)
    TIM_SelectCOM                            0x0800b0f5   Thumb Code    72  stm32f4xx_tim.o(.text)
    TIM_CCPreloadControl                     0x0800b13d   Thumb Code    72  stm32f4xx_tim.o(.text)
    TIM_ITConfig                             0x0800b185   Thumb Code   218  stm32f4xx_tim.o(.text)
    TIM_GenerateEvent                        0x0800b25f   Thumb Code   126  stm32f4xx_tim.o(.text)
    TIM_GetFlagStatus                        0x0800b2dd   Thumb Code   188  stm32f4xx_tim.o(.text)
    TIM_ClearFlag                            0x0800b399   Thumb Code   108  stm32f4xx_tim.o(.text)
    TIM_GetITStatus                          0x0800b405   Thumb Code   186  stm32f4xx_tim.o(.text)
    TIM_ClearITPendingBit                    0x0800b4bf   Thumb Code   108  stm32f4xx_tim.o(.text)
    TIM_DMAConfig                            0x0800b52b   Thumb Code   334  stm32f4xx_tim.o(.text)
    TIM_DMACmd                               0x0800b679   Thumb Code   126  stm32f4xx_tim.o(.text)
    TIM_SelectCCDMA                          0x0800b6f7   Thumb Code    96  stm32f4xx_tim.o(.text)
    TIM_InternalClockConfig                  0x0800b757   Thumb Code    76  stm32f4xx_tim.o(.text)
    TIM_SelectInputTrigger                   0x0800b7a3   Thumb Code   148  stm32f4xx_tim.o(.text)
    TIM_ITRxExternalClockConfig              0x0800b837   Thumb Code   110  stm32f4xx_tim.o(.text)
    TIM_TIxExternalClockConfig               0x0800b8a5   Thumb Code   184  stm32f4xx_tim.o(.text)
    TIM_ETRConfig                            0x0800b95d   Thumb Code   164  stm32f4xx_tim.o(.text)
    TIM_ETRClockMode1Config                  0x0800ba01   Thumb Code   228  stm32f4xx_tim.o(.text)
    TIM_ETRClockMode2Config                  0x0800bae5   Thumb Code   152  stm32f4xx_tim.o(.text)
    TIM_SelectOutputTrigger                  0x0800bb7d   Thumb Code   126  stm32f4xx_tim.o(.text)
    TIM_SelectSlaveMode                      0x0800bbfb   Thumb Code   112  stm32f4xx_tim.o(.text)
    TIM_SelectMasterSlaveMode                0x0800bc6b   Thumb Code   102  stm32f4xx_tim.o(.text)
    TIM_EncoderInterfaceConfig               0x0800bcd1   Thumb Code   226  stm32f4xx_tim.o(.text)
    TIM_SelectHallSensor                     0x0800bdb3   Thumb Code   108  stm32f4xx_tim.o(.text)
    TIM_RemapConfig                          0x0800be1f   Thumb Code   138  stm32f4xx_tim.o(.text)
    USART_DeInit                             0x0800bea9   Thumb Code   202  stm32f4xx_usart.o(.text)
    USART_Init                               0x0800bf73   Thumb Code   456  stm32f4xx_usart.o(.text)
    USART_StructInit                         0x0800c13b   Thumb Code    24  stm32f4xx_usart.o(.text)
    USART_ClockInit                          0x0800c153   Thumb Code   166  stm32f4xx_usart.o(.text)
    USART_ClockStructInit                    0x0800c1f9   Thumb Code    12  stm32f4xx_usart.o(.text)
    USART_Cmd                                0x0800c205   Thumb Code    96  stm32f4xx_usart.o(.text)
    USART_SetPrescaler                       0x0800c265   Thumb Code   160  stm32f4xx_usart.o(.text)
    USART_OverSampling8Cmd                   0x0800c305   Thumb Code    98  stm32f4xx_usart.o(.text)
    USART_OneBitMethodCmd                    0x0800c367   Thumb Code   100  stm32f4xx_usart.o(.text)
    USART_SendData                           0x0800c3cb   Thumb Code    84  stm32f4xx_usart.o(.text)
    USART_ReceiveData                        0x0800c41f   Thumb Code    62  stm32f4xx_usart.o(.text)
    USART_SetAddress                         0x0800c45d   Thumb Code    92  stm32f4xx_usart.o(.text)
    USART_ReceiverWakeUpCmd                  0x0800c4b9   Thumb Code   100  stm32f4xx_usart.o(.text)
    USART_WakeUpConfig                       0x0800c51d   Thumb Code    96  stm32f4xx_usart.o(.text)
    USART_LINBreakDetectLengthConfig         0x0800c57d   Thumb Code    94  stm32f4xx_usart.o(.text)
    USART_LINCmd                             0x0800c5db   Thumb Code   100  stm32f4xx_usart.o(.text)
    USART_SendBreak                          0x0800c63f   Thumb Code    64  stm32f4xx_usart.o(.text)
    USART_HalfDuplexCmd                      0x0800c67f   Thumb Code   100  stm32f4xx_usart.o(.text)
    USART_SetGuardTime                       0x0800c6e3   Thumb Code    86  stm32f4xx_usart.o(.text)
    USART_SmartCardCmd                       0x0800c739   Thumb Code    88  stm32f4xx_usart.o(.text)
    USART_SmartCardNACKCmd                   0x0800c791   Thumb Code    88  stm32f4xx_usart.o(.text)
    USART_IrDAConfig                         0x0800c7e9   Thumb Code    94  stm32f4xx_usart.o(.text)
    USART_IrDACmd                            0x0800c847   Thumb Code   100  stm32f4xx_usart.o(.text)
    USART_DMACmd                             0x0800c8ab   Thumb Code   120  stm32f4xx_usart.o(.text)
    USART_ITConfig                           0x0800c923   Thumb Code   268  stm32f4xx_usart.o(.text)
    USART_GetFlagStatus                      0x0800ca2f   Thumb Code   176  stm32f4xx_usart.o(.text)
    USART_ClearFlag                          0x0800cadf   Thumb Code   160  stm32f4xx_usart.o(.text)
    USART_GetITStatus                        0x0800cb7f   Thumb Code   284  stm32f4xx_usart.o(.text)
    USART_ClearITPendingBit                  0x0800cc9b   Thumb Code   170  stm32f4xx_usart.o(.text)
    SystemInit                               0x0800ce39   Thumb Code    88  system_stm32f4xx.o(.text)
    SystemCoreClockUpdate                    0x0800ce91   Thumb Code   174  system_stm32f4xx.o(.text)
    Reset_Handler                            0x0800cf6d   Thumb Code     8  startup_stm32f4xx.o(.text)
    HardFault_Handler                        0x0800cf77   Thumb Code     2  startup_stm32f4xx.o(.text)
    PendSV_Handler                           0x0800cf83   Thumb Code     2  startup_stm32f4xx.o(.text)
    ADC_IRQHandler                           0x0800cf87   Thumb Code     0  startup_stm32f4xx.o(.text)
    CAN1_RX0_IRQHandler                      0x0800cf87   Thumb Code     0  startup_stm32f4xx.o(.text)
    CAN1_RX1_IRQHandler                      0x0800cf87   Thumb Code     0  startup_stm32f4xx.o(.text)
    CAN1_SCE_IRQHandler                      0x0800cf87   Thumb Code     0  startup_stm32f4xx.o(.text)
    CAN1_TX_IRQHandler                       0x0800cf87   Thumb Code     0  startup_stm32f4xx.o(.text)
    CAN2_RX0_IRQHandler                      0x0800cf87   Thumb Code     0  startup_stm32f4xx.o(.text)
    CAN2_RX1_IRQHandler                      0x0800cf87   Thumb Code     0  startup_stm32f4xx.o(.text)
    CAN2_SCE_IRQHandler                      0x0800cf87   Thumb Code     0  startup_stm32f4xx.o(.text)
    CAN2_TX_IRQHandler                       0x0800cf87   Thumb Code     0  startup_stm32f4xx.o(.text)
    CRYP_IRQHandler                          0x0800cf87   Thumb Code     0  startup_stm32f4xx.o(.text)
    DCMI_IRQHandler                          0x0800cf87   Thumb Code     0  startup_stm32f4xx.o(.text)
    DMA1_Stream0_IRQHandler                  0x0800cf87   Thumb Code     0  startup_stm32f4xx.o(.text)
    DMA1_Stream1_IRQHandler                  0x0800cf87   Thumb Code     0  startup_stm32f4xx.o(.text)
    DMA1_Stream2_IRQHandler                  0x0800cf87   Thumb Code     0  startup_stm32f4xx.o(.text)
    DMA1_Stream3_IRQHandler                  0x0800cf87   Thumb Code     0  startup_stm32f4xx.o(.text)
    DMA1_Stream4_IRQHandler                  0x0800cf87   Thumb Code     0  startup_stm32f4xx.o(.text)
    DMA1_Stream5_IRQHandler                  0x0800cf87   Thumb Code     0  startup_stm32f4xx.o(.text)
    DMA1_Stream6_IRQHandler                  0x0800cf87   Thumb Code     0  startup_stm32f4xx.o(.text)
    DMA1_Stream7_IRQHandler                  0x0800cf87   Thumb Code     0  startup_stm32f4xx.o(.text)
    DMA2_Stream0_IRQHandler                  0x0800cf87   Thumb Code     0  startup_stm32f4xx.o(.text)
    DMA2_Stream1_IRQHandler                  0x0800cf87   Thumb Code     0  startup_stm32f4xx.o(.text)
    DMA2_Stream2_IRQHandler                  0x0800cf87   Thumb Code     0  startup_stm32f4xx.o(.text)
    DMA2_Stream3_IRQHandler                  0x0800cf87   Thumb Code     0  startup_stm32f4xx.o(.text)
    DMA2_Stream4_IRQHandler                  0x0800cf87   Thumb Code     0  startup_stm32f4xx.o(.text)
    DMA2_Stream5_IRQHandler                  0x0800cf87   Thumb Code     0  startup_stm32f4xx.o(.text)
    DMA2_Stream6_IRQHandler                  0x0800cf87   Thumb Code     0  startup_stm32f4xx.o(.text)
    DMA2_Stream7_IRQHandler                  0x0800cf87   Thumb Code     0  startup_stm32f4xx.o(.text)
    ETH_IRQHandler                           0x0800cf87   Thumb Code     0  startup_stm32f4xx.o(.text)
    ETH_WKUP_IRQHandler                      0x0800cf87   Thumb Code     0  startup_stm32f4xx.o(.text)
    EXTI0_IRQHandler                         0x0800cf87   Thumb Code     0  startup_stm32f4xx.o(.text)
    EXTI15_10_IRQHandler                     0x0800cf87   Thumb Code     0  startup_stm32f4xx.o(.text)
    EXTI1_IRQHandler                         0x0800cf87   Thumb Code     0  startup_stm32f4xx.o(.text)
    EXTI2_IRQHandler                         0x0800cf87   Thumb Code     0  startup_stm32f4xx.o(.text)
    EXTI3_IRQHandler                         0x0800cf87   Thumb Code     0  startup_stm32f4xx.o(.text)
    EXTI4_IRQHandler                         0x0800cf87   Thumb Code     0  startup_stm32f4xx.o(.text)
    EXTI9_5_IRQHandler                       0x0800cf87   Thumb Code     0  startup_stm32f4xx.o(.text)
    FLASH_IRQHandler                         0x0800cf87   Thumb Code     0  startup_stm32f4xx.o(.text)
    FPU_IRQHandler                           0x0800cf87   Thumb Code     0  startup_stm32f4xx.o(.text)
    FSMC_IRQHandler                          0x0800cf87   Thumb Code     0  startup_stm32f4xx.o(.text)
    HASH_RNG_IRQHandler                      0x0800cf87   Thumb Code     0  startup_stm32f4xx.o(.text)
    I2C1_ER_IRQHandler                       0x0800cf87   Thumb Code     0  startup_stm32f4xx.o(.text)
    I2C1_EV_IRQHandler                       0x0800cf87   Thumb Code     0  startup_stm32f4xx.o(.text)
    I2C2_ER_IRQHandler                       0x0800cf87   Thumb Code     0  startup_stm32f4xx.o(.text)
    I2C2_EV_IRQHandler                       0x0800cf87   Thumb Code     0  startup_stm32f4xx.o(.text)
    I2C3_ER_IRQHandler                       0x0800cf87   Thumb Code     0  startup_stm32f4xx.o(.text)
    I2C3_EV_IRQHandler                       0x0800cf87   Thumb Code     0  startup_stm32f4xx.o(.text)
    OTG_FS_IRQHandler                        0x0800cf87   Thumb Code     0  startup_stm32f4xx.o(.text)
    OTG_FS_WKUP_IRQHandler                   0x0800cf87   Thumb Code     0  startup_stm32f4xx.o(.text)
    OTG_HS_EP1_IN_IRQHandler                 0x0800cf87   Thumb Code     0  startup_stm32f4xx.o(.text)
    OTG_HS_EP1_OUT_IRQHandler                0x0800cf87   Thumb Code     0  startup_stm32f4xx.o(.text)
    OTG_HS_IRQHandler                        0x0800cf87   Thumb Code     0  startup_stm32f4xx.o(.text)
    OTG_HS_WKUP_IRQHandler                   0x0800cf87   Thumb Code     0  startup_stm32f4xx.o(.text)
    PVD_IRQHandler                           0x0800cf87   Thumb Code     0  startup_stm32f4xx.o(.text)
    RCC_IRQHandler                           0x0800cf87   Thumb Code     0  startup_stm32f4xx.o(.text)
    RTC_Alarm_IRQHandler                     0x0800cf87   Thumb Code     0  startup_stm32f4xx.o(.text)
    RTC_WKUP_IRQHandler                      0x0800cf87   Thumb Code     0  startup_stm32f4xx.o(.text)
    SDIO_IRQHandler                          0x0800cf87   Thumb Code     0  startup_stm32f4xx.o(.text)
    SPI1_IRQHandler                          0x0800cf87   Thumb Code     0  startup_stm32f4xx.o(.text)
    SPI2_IRQHandler                          0x0800cf87   Thumb Code     0  startup_stm32f4xx.o(.text)
    SPI3_IRQHandler                          0x0800cf87   Thumb Code     0  startup_stm32f4xx.o(.text)
    TAMP_STAMP_IRQHandler                    0x0800cf87   Thumb Code     0  startup_stm32f4xx.o(.text)
    TIM1_BRK_TIM9_IRQHandler                 0x0800cf87   Thumb Code     0  startup_stm32f4xx.o(.text)
    TIM1_CC_IRQHandler                       0x0800cf87   Thumb Code     0  startup_stm32f4xx.o(.text)
    TIM1_TRG_COM_TIM11_IRQHandler            0x0800cf87   Thumb Code     0  startup_stm32f4xx.o(.text)
    TIM1_UP_TIM10_IRQHandler                 0x0800cf87   Thumb Code     0  startup_stm32f4xx.o(.text)
    TIM2_IRQHandler                          0x0800cf87   Thumb Code     0  startup_stm32f4xx.o(.text)
    TIM5_IRQHandler                          0x0800cf87   Thumb Code     0  startup_stm32f4xx.o(.text)
    TIM6_DAC_IRQHandler                      0x0800cf87   Thumb Code     0  startup_stm32f4xx.o(.text)
    TIM7_IRQHandler                          0x0800cf87   Thumb Code     0  startup_stm32f4xx.o(.text)
    TIM8_BRK_TIM12_IRQHandler                0x0800cf87   Thumb Code     0  startup_stm32f4xx.o(.text)
    TIM8_CC_IRQHandler                       0x0800cf87   Thumb Code     0  startup_stm32f4xx.o(.text)
    TIM8_TRG_COM_TIM14_IRQHandler            0x0800cf87   Thumb Code     0  startup_stm32f4xx.o(.text)
    TIM8_UP_TIM13_IRQHandler                 0x0800cf87   Thumb Code     0  startup_stm32f4xx.o(.text)
    UART4_IRQHandler                         0x0800cf87   Thumb Code     0  startup_stm32f4xx.o(.text)
    USART1_IRQHandler                        0x0800cf87   Thumb Code     0  startup_stm32f4xx.o(.text)
    USART3_IRQHandler                        0x0800cf87   Thumb Code     0  startup_stm32f4xx.o(.text)
    USART6_IRQHandler                        0x0800cf87   Thumb Code     0  startup_stm32f4xx.o(.text)
    WWDG_IRQHandler                          0x0800cf87   Thumb Code     0  startup_stm32f4xx.o(.text)
    __aeabi_memset                           0x0800cf91   Thumb Code    14  memseta.o(.text)
    __aeabi_memset4                          0x0800cf91   Thumb Code     0  memseta.o(.text)
    __aeabi_memset8                          0x0800cf91   Thumb Code     0  memseta.o(.text)
    __aeabi_memclr                           0x0800cf9f   Thumb Code     4  memseta.o(.text)
    __aeabi_memclr4                          0x0800cf9f   Thumb Code     0  memseta.o(.text)
    __aeabi_memclr8                          0x0800cf9f   Thumb Code     0  memseta.o(.text)
    _memset$wrapper                          0x0800cfa3   Thumb Code    18  memseta.o(.text)
    __aeabi_dadd                             0x0800cfb5   Thumb Code   322  dadd.o(.text)
    __aeabi_dsub                             0x0800d0f7   Thumb Code     6  dadd.o(.text)
    __aeabi_drsub                            0x0800d0fd   Thumb Code     6  dadd.o(.text)
    __aeabi_dmul                             0x0800d103   Thumb Code   228  dmul.o(.text)
    __aeabi_i2d                              0x0800d1e7   Thumb Code    34  dflti.o(.text)
    __aeabi_f2d                              0x0800d209   Thumb Code    38  f2d.o(.text)
    __aeabi_cdcmpeq                          0x0800d231   Thumb Code     0  cdcmple.o(.text)
    __aeabi_cdcmple                          0x0800d231   Thumb Code    48  cdcmple.o(.text)
    __aeabi_cdrcmple                         0x0800d261   Thumb Code    48  cdrcmple.o(.text)
    __aeabi_d2f                              0x0800d291   Thumb Code    56  d2f.o(.text)
    __aeabi_llsl                             0x0800d2c9   Thumb Code    30  llshl.o(.text)
    _ll_shift_l                              0x0800d2c9   Thumb Code     0  llshl.o(.text)
    __aeabi_lasr                             0x0800d2e7   Thumb Code    36  llsshr.o(.text)
    _ll_sshift_r                             0x0800d2e7   Thumb Code     0  llsshr.o(.text)
    __I$use$fp                               0x0800d30b   Thumb Code     0  iusefp.o(.text)
    _float_round                             0x0800d30b   Thumb Code    18  fepilogue.o(.text)
    _float_epilogue                          0x0800d31d   Thumb Code    92  fepilogue.o(.text)
    _double_round                            0x0800d379   Thumb Code    30  depilogue.o(.text)
    _double_epilogue                         0x0800d397   Thumb Code   156  depilogue.o(.text)
    __aeabi_ddiv                             0x0800d433   Thumb Code   222  ddiv.o(.text)
    __scatterload                            0x0800d511   Thumb Code    28  init.o(.text)
    __scatterload_rt2                        0x0800d511   Thumb Code     0  init.o(.text)
    __aeabi_llsr                             0x0800d535   Thumb Code    32  llushr.o(.text)
    _ll_ushift_r                             0x0800d535   Thumb Code     0  llushr.o(.text)
    _dsqrt                                   0x0800d555   Thumb Code   162  dsqrt.o(.text)
    __decompress                             0x0800d5f7   Thumb Code     0  __dczerorl2.o(.text)
    __decompress1                            0x0800d5f7   Thumb Code    86  __dczerorl2.o(.text)
    __ARM_fpclassify                         0x0800d64d   Thumb Code    48  fpclassify.o(i.__ARM_fpclassify)
    __hardfp_asin                            0x0800d681   Thumb Code   770  asin.o(i.__hardfp_asin)
    __kernel_poly                            0x0800d9e1   Thumb Code   248  poly.o(i.__kernel_poly)
    __mathlib_dbl_infnan                     0x0800dad9   Thumb Code    20  dunder.o(i.__mathlib_dbl_infnan)
    __mathlib_dbl_invalid                    0x0800daf1   Thumb Code    24  dunder.o(i.__mathlib_dbl_invalid)
    __mathlib_dbl_underflow                  0x0800db11   Thumb Code    24  dunder.o(i.__mathlib_dbl_underflow)
    __scatterload_copy                       0x0800db31   Thumb Code    14  handlers.o(i.__scatterload_copy)
    __scatterload_null                       0x0800db3f   Thumb Code     2  handlers.o(i.__scatterload_null)
    __scatterload_zeroinit                   0x0800db41   Thumb Code    14  handlers.o(i.__scatterload_zeroinit)
    __set_errno                              0x0800db51   Thumb Code     6  errno.o(i.__set_errno)
    fabs                                     0x0800db5d   Thumb Code    24  fabs.o(i.fabs)
    sqrt                                     0x0800db75   Thumb Code   110  sqrt.o(i.sqrt)
    Region$$Table$$Base                      0x0800dc38   Number         0  anon$$obj.o(Region$$Table)
    Region$$Table$$Limit                     0x0800dc58   Number         0  anon$$obj.o(Region$$Table)
    Init_Finish                              0x20000000   Data           1  main.o(.data)
    loop_cnt                                 0x20000010   Data           2  scheduler.o(.data)
    thr_value                                0x20000020   Data           4  ctrl.o(.data)
    Thr_Low                                  0x20000024   Data           1  ctrl.o(.data)
    Thr_Weight                               0x20000028   Data           4  ctrl.o(.data)
    Roll                                     0x20000034   Data           4  imu.o(.data)
    Pitch                                    0x20000038   Data           4  imu.o(.data)
    Yaw                                      0x2000003c   Data           4  imu.o(.data)
    ref_q                                    0x20000040   Data          16  imu.o(.data)
    norm_acc                                 0x20000050   Data           4  imu.o(.data)
    norm_q                                   0x20000054   Data           4  imu.o(.data)
    norm_acc_lpf                             0x20000058   Data           4  imu.o(.data)
    mag_norm                                 0x2000005c   Data           4  imu.o(.data)
    mag_norm_xyz                             0x20000060   Data           4  imu.o(.data)
    fast_atan_table                          0x2000006c   Data        1028  mymath.o(.data)
    CH_in_Mapping                            0x20000470   Data           8  rc.o(.data)
    NS                                       0x20000478   Data           1  rc.o(.data)
    CH_Error                                 0x20000479   Data           8  rc.o(.data)
    NS_cnt                                   0x20000482   Data           2  rc.o(.data)
    MAX_CH                                   0x20000484   Data          16  rc.o(.data)
    MIN_CH                                   0x20000494   Data          16  rc.o(.data)
    CH_DIR                                   0x200004a4   Data           8  rc.o(.data)
    filter_A                                 0x200004ac   Data           4  rc.o(.data)
    fly_ready                                0x200004b0   Data           1  rc.o(.data)
    ready_cnt                                0x200004b2   Data           2  rc.o(.data)
    height_mode                              0x200004b4   Data           1  rc.o(.data)
    height_ctrl_mode                         0x200004b5   Data           1  rc.o(.data)
    flash_save_en_cnt                        0x200004c4   Data           2  data_transfer.o(.data)
    med_filter_out                           0x200004d4   Data           8  filter.o(.data)
    med_fil_cnt                              0x200004dc   Data           2  filter.o(.data)
    pre_div                                  0x200004f4   Data           4  myctrl.o(.data)
    soft_pre_div                             0x200004f8   Data           4  myctrl.o(.data)
    height_pre_div                           0x200004fc   Data           4  myctrl.o(.data)
    take_off_flag                            0x20000500   Data           1  myctrl.o(.data)
    landing_flag                             0x20000501   Data           1  myctrl.o(.data)
    height_ctrl_flag                         0x20000502   Data           1  myctrl.o(.data)
    soft_landing_flag                        0x20000503   Data           1  myctrl.o(.data)
    landing_done_flag                        0x20000504   Data           1  myctrl.o(.data)
    roll_take_off                            0x20000506   Data           2  myctrl.o(.data)
    pitch_take_off                           0x20000508   Data           2  myctrl.o(.data)
    thr_take_off                             0x2000050a   Data           2  myctrl.o(.data)
    yaw_take_off                             0x2000050c   Data           2  myctrl.o(.data)
    EXP_Height                               0x2000050e   Data           2  myctrl.o(.data)
    Delta_distance                           0x20000510   Data           2  myctrl.o(.data)
    height_ctrl_count                        0x20000512   Data           1  myctrl.o(.data)
    thr_landing_count                        0x20000513   Data           1  myctrl.o(.data)
    landing_done_count                       0x20000514   Data           2  myctrl.o(.data)
    safety_belt_count                        0x20000516   Data           2  myctrl.o(.data)
    ultra_distance_fixed_count               0x20000518   Data           1  myctrl.o(.data)
    landing_speed_error                      0x2000051c   Data           4  myctrl.o(.data)
    landing_speed_p                          0x20000520   Data           4  myctrl.o(.data)
    landing_speed_i                          0x20000524   Data           4  myctrl.o(.data)
    landing_speed_d                          0x20000528   Data           4  myctrl.o(.data)
    landing_speed_preerror                   0x2000052c   Data           4  myctrl.o(.data)
    landing_speed_pid_out                    0x20000530   Data           4  myctrl.o(.data)
    thr_height_direct_ctrl_pid               0x20000534   Data          12  myctrl.o(.data)
    landing_speed_pid                        0x20000540   Data          12  myctrl.o(.data)
    height_ctrl_out                          0x2000054c   Data           4  height_ctrl.o(.data)
    wz_acc                                   0x20000550   Data           4  height_ctrl.o(.data)
    exp_height_speed                         0x20000554   Data           4  height_ctrl.o(.data)
    exp_height                               0x20000558   Data           4  height_ctrl.o(.data)
    ultra_speed                              0x2000055c   Data           4  height_ctrl.o(.data)
    ultra_dis_lpf                            0x20000560   Data           4  height_ctrl.o(.data)
    ultra_ctrl_out                           0x20000564   Data           4  height_ctrl.o(.data)
    current_height                           0x20000568   Data           4  height_ctrl.o(.data)
    height_old                               0x2000056c   Data           4  height_ctrl.o(.data)
    ultra_pid_display_p                      0x20000570   Data           4  height_ctrl.o(.data)
    ultra_pid_display_i                      0x20000574   Data           4  height_ctrl.o(.data)
    ultra_pid_display_d                      0x20000578   Data           4  height_ctrl.o(.data)
    ultra_pid_display_pid                    0x2000057c   Data           4  height_ctrl.o(.data)
    height_ctrl_flag_star                    0x20000580   Data           1  height_ctrl.o(.data)
    wz_speed                                 0x20000584   Data           4  height_ctrl.o(.data)
    wz_speed_old                             0x20000588   Data           4  height_ctrl.o(.data)
    wz_acc_mms2                              0x2000058c   Data           4  height_ctrl.o(.data)
    sysTickUptime                            0x20000590   Data           4  time.o(.data)
    time_1h                                  0x20000594   Data           4  time.o(.data)
    time_1m                                  0x20000598   Data           4  time.o(.data)
    time_1s                                  0x2000059c   Data           4  time.o(.data)
    time_1ms                                 0x200005a0   Data           4  time.o(.data)
    CH_out_Mapping                           0x200005c4   Data           4  pwm_out.o(.data)
    I2C_FastMode                             0x200005c8   Data           1  i2c_soft.o(.data)
    mpu6050_ok                               0x200005cc   Data           1  mpu6050.o(.data)
    acc_sum_cnt                              0x200005ce   Data           2  mpu6050.o(.data)
    gyro_sum_cnt                             0x200005d0   Data           2  mpu6050.o(.data)
    filter_cnt                               0x200005d2   Data           1  mpu6050.o(.data)
    filter_cnt_old                           0x200005d3   Data           1  mpu6050.o(.data)
    test_ang                                 0x200005d4   Data           4  mpu6050.o(.data)
    test_ang_old                             0x200005d8   Data           4  mpu6050.o(.data)
    test_ang_d                               0x200005dc   Data           4  mpu6050.o(.data)
    test_fli_a                               0x200005e0   Data           4  mpu6050.o(.data)
    test_i                                   0x200005e4   Data           4  mpu6050.o(.data)
    ak8975                                   0x200005e8   Data          44  ak8975.o(.data)
    ak8975_ok                                0x20000614   Data           1  ak8975.o(.data)
    Mag_CALIBRATED                           0x20000615   Data           1  ak8975.o(.data)
    flag                                     0x20000632   Data           1  led.o(.data)
    TxCounter                                0x20000633   Data           1  usart.o(.data)
    count                                    0x20000634   Data           1  usart.o(.data)
    Tx5Counter                               0x20000635   Data           1  usart.o(.data)
    count5                                   0x20000636   Data           1  usart.o(.data)
    ultra_start_f                            0x20000638   Data           1  ultrasonic.o(.data)
    ultra_time                               0x20000639   Data           1  ultrasonic.o(.data)
    ultra_ok                                 0x2000063a   Data           1  ultrasonic.o(.data)
    ultra_distance                           0x2000063c   Data           2  ultrasonic.o(.data)
    ultra_distance_old                       0x2000063e   Data           2  ultrasonic.o(.data)
    ultra_delta                              0x20000640   Data           2  ultrasonic.o(.data)
    SystemCoreClock                          0x20000654   Data           4  system_stm32f4xx.o(.data)
    AHBPrescTable                            0x20000658   Data          16  system_stm32f4xx.o(.data)
    loop                                     0x2000066c   Data          16  scheduler.o(.bss)
    test                                     0x2000067c   Data          20  scheduler.o(.bss)
    sensor_setup                             0x20000690   Data          64  parameter.o(.bss)
    pid_setup                                0x200006d0   Data         192  parameter.o(.bss)
    ctrl_1                                   0x20000790   Data         196  ctrl.o(.bss)
    ctrl_2                                   0x20000854   Data         196  ctrl.o(.bss)
    except_A                                 0x20000918   Data          12  ctrl.o(.bss)
    ctrl_angle_offset                        0x20000924   Data          12  ctrl.o(.bss)
    compensation                             0x20000930   Data          12  ctrl.o(.bss)
    except_AS                                0x2000093c   Data          12  ctrl.o(.bss)
    g_old                                    0x20000948   Data          28  ctrl.o(.bss)
    motor                                    0x20000964   Data          16  ctrl.o(.bss)
    posture_value                            0x20000974   Data          16  ctrl.o(.bss)
    curve                                    0x20000984   Data          16  ctrl.o(.bss)
    reference_v                              0x20000994   Data          12  imu.o(.bss)
    ref                                      0x200009a0   Data          60  imu.o(.bss)
    mag_sim_3d                               0x200009dc   Data          12  imu.o(.bss)
    CH                                       0x200009f4   Data          16  rc.o(.bss)
    CH_Old                                   0x20000a04   Data          32  rc.o(.bss)
    CH_filter                                0x20000a24   Data          32  rc.o(.bss)
    CH_filter_Old                            0x20000a44   Data          32  rc.o(.bss)
    CH_filter_D                              0x20000a64   Data          32  rc.o(.bss)
    CLR_CH_Error                             0x20000a84   Data          16  rc.o(.bss)
    f                                        0x20000aa4   Data          17  data_transfer.o(.bss)
    data_to_send                             0x20000ab5   Data          50  data_transfer.o(.bss)
    RX_CH                                    0x20000ae8   Data          16  data_transfer.o(.bss)
    med_filter_tmp                           0x20000b2c   Data          88  filter.o(.bss)
    ultra_ctrl                               0x20000b84   Data          20  height_ctrl.o(.bss)
    ultra_pid                                0x20000b98   Data          36  height_ctrl.o(.bss)
    Cycle_T                                  0x20000bbc   Data          60  time.o(.bss)
    Rc_Pwm_In                                0x20000bf8   Data          16  pwm_in.o(.bss)
    mpu6050                                  0x20000c08   Data         128  mpu6050.o(.bss)
    mpu6050_buffer                           0x20000c88   Data          14  mpu6050.o(.bss)
    sum_temp                                 0x20000c98   Data          28  mpu6050.o(.bss)
    FILT_BUF                                 0x20000cb4   Data         154  mpu6050.o(.bss)
    mpu6050_tmp                              0x20000d50   Data          28  mpu6050.o(.bss)
    mpu_fil_tmp                              0x20000d6c   Data          28  mpu6050.o(.bss)
    TxBuffer                                 0x20000d94   Data         256  usart.o(.bss)
    Rx_Buf                                   0x20000e94   Data         256  usart.o(.bss)
    Tx5Buffer                                0x20000f94   Data         256  usart.o(.bss)
    __initial_sp                             0x20001898   Data           0  startup_stm32f4xx.o(STACK)



==============================================================================

Memory Map of the image

  Image Entry point : 0x08000189

  Load Region LR_IROM1 (Base: 0x08000000, Size: 0x0000e2c4, Max: 0x00080000, ABSOLUTE, COMPRESSED[0x0000e0f4])

    Execution Region ER_IROM1 (Base: 0x08000000, Size: 0x0000dc58, Max: 0x00080000, ABSOLUTE)

    Base Addr    Size         Type   Attr      Idx    E Section Name        Object

    0x08000000   0x00000188   Data   RO          989    RESET               startup_stm32f4xx.o
    0x08000188   0x00000000   Code   RO         1008  * .ARM.Collect$$$$00000000  mc_w.l(entry.o)
    0x08000188   0x00000004   Code   RO         1065    .ARM.Collect$$$$00000001  mc_w.l(entry2.o)
    0x0800018c   0x00000004   Code   RO         1068    .ARM.Collect$$$$00000004  mc_w.l(entry5.o)
    0x08000190   0x00000000   Code   RO         1070    .ARM.Collect$$$$00000008  mc_w.l(entry7b.o)
    0x08000190   0x00000000   Code   RO         1072    .ARM.Collect$$$$0000000A  mc_w.l(entry8b.o)
    0x08000190   0x00000008   Code   RO         1073    .ARM.Collect$$$$0000000B  mc_w.l(entry9a.o)
    0x08000198   0x00000000   Code   RO         1075    .ARM.Collect$$$$0000000D  mc_w.l(entry10a.o)
    0x08000198   0x00000000   Code   RO         1077    .ARM.Collect$$$$0000000F  mc_w.l(entry11a.o)
    0x08000198   0x00000004   Code   RO         1066    .ARM.Collect$$$$00002712  mc_w.l(entry2.o)
    0x0800019c   0x00000018   Code   RO            2    .text               main.o
    0x080001b4   0x00000048   Code   RO          122    .text               stm32f4xx_it.o
    0x080001fc   0x00000234   Code   RO          142    .text               scheduler.o
    0x08000430   0x00000078   Code   RO          206    .text               init.o
    0x080004a8   0x00000350   Code   RO          226    .text               parameter.o
    0x080007f8   0x00001234   Code   RO          269    .text               ctrl.o
    0x08001a2c   0x000008d8   Code   RO          292    .text               imu.o
    0x08002304   0x00000568   Code   RO          322    .text               mymath.o
    0x0800286c   0x00000598   Code   RO          341    .text               rc.o
    0x08002e04   0x00001ba4   Code   RO          366    .text               data_transfer.o
    0x080049a8   0x00000274   Code   RO          426    .text               filter.o
    0x08004c1c   0x0000035c   Code   RO          446    .text               myctrl.o
    0x08004f78   0x00000264   Code   RO          468    .text               height_ctrl.o
    0x080051dc   0x00000284   Code   RO          491    .text               time.o
    0x08005460   0x000006c4   Code   RO          530    .text               pwm_in.o
    0x08005b24   0x00000380   Code   RO          557    .text               pwm_out.o
    0x08005ea4   0x000003a8   Code   RO          582    .text               i2c_soft.o
    0x0800624c   0x0000087c   Code   RO          608    .text               mpu6050.o
    0x08006ac8   0x00000458   Code   RO          636    .text               ak8975.o
    0x08006f20   0x00000084   Code   RO          659    .text               led.o
    0x08006fa4   0x0000032c   Code   RO          685    .text               usart.o
    0x080072d0   0x000000c4   Code   RO          712    .text               ultrasonic.o
    0x08007394   0x000001ec   Code   RO          734    .text               misc.o
    0x08007580   0x00000916   Code   RO          833    .text               stm32f4xx_gpio.o
    0x08007e96   0x00000002   PAD
    0x08007e98   0x00000d7c   Code   RO          881    .text               stm32f4xx_rcc.o
    0x08008c14   0x00003294   Code   RO          934    .text               stm32f4xx_tim.o
    0x0800bea8   0x00000eb4   Code   RO          950    .text               stm32f4xx_usart.o
    0x0800cd5c   0x00000210   Code   RO          966    .text               system_stm32f4xx.o
    0x0800cf6c   0x00000024   Code   RO          990    .text               startup_stm32f4xx.o
    0x0800cf90   0x00000024   Code   RO         1011    .text               mc_w.l(memseta.o)
    0x0800cfb4   0x0000014e   Code   RO         1015    .text               mf_w.l(dadd.o)
    0x0800d102   0x000000e4   Code   RO         1017    .text               mf_w.l(dmul.o)
    0x0800d1e6   0x00000022   Code   RO         1019    .text               mf_w.l(dflti.o)
    0x0800d208   0x00000026   Code   RO         1021    .text               mf_w.l(f2d.o)
    0x0800d22e   0x00000002   PAD
    0x0800d230   0x00000030   Code   RO         1023    .text               mf_w.l(cdcmple.o)
    0x0800d260   0x00000030   Code   RO         1025    .text               mf_w.l(cdrcmple.o)
    0x0800d290   0x00000038   Code   RO         1027    .text               mf_w.l(d2f.o)
    0x0800d2c8   0x0000001e   Code   RO         1079    .text               mc_w.l(llshl.o)
    0x0800d2e6   0x00000024   Code   RO         1081    .text               mc_w.l(llsshr.o)
    0x0800d30a   0x00000000   Code   RO         1090    .text               mc_w.l(iusefp.o)
    0x0800d30a   0x0000006e   Code   RO         1091    .text               mf_w.l(fepilogue.o)
    0x0800d378   0x000000ba   Code   RO         1093    .text               mf_w.l(depilogue.o)
    0x0800d432   0x000000de   Code   RO         1095    .text               mf_w.l(ddiv.o)
    0x0800d510   0x00000024   Code   RO         1099    .text               mc_w.l(init.o)
    0x0800d534   0x00000020   Code   RO         1101    .text               mc_w.l(llushr.o)
    0x0800d554   0x000000a2   Code   RO         1103    .text               mf_w.l(dsqrt.o)
    0x0800d5f6   0x00000056   Code   RO         1113    .text               mc_w.l(__dczerorl2.o)
    0x0800d64c   0x00000030   Code   RO         1049    i.__ARM_fpclassify  m_wm.l(fpclassify.o)
    0x0800d67c   0x00000004   PAD
    0x0800d680   0x00000360   Code   RO          994    i.__hardfp_asin     m_wm.l(asin.o)
    0x0800d9e0   0x000000f8   Code   RO         1051    i.__kernel_poly     m_wm.l(poly.o)
    0x0800dad8   0x00000014   Code   RO         1030    i.__mathlib_dbl_infnan  m_wm.l(dunder.o)
    0x0800daec   0x00000004   PAD
    0x0800daf0   0x00000020   Code   RO         1032    i.__mathlib_dbl_invalid  m_wm.l(dunder.o)
    0x0800db10   0x00000020   Code   RO         1035    i.__mathlib_dbl_underflow  m_wm.l(dunder.o)
    0x0800db30   0x0000000e   Code   RO         1107    i.__scatterload_copy  mc_w.l(handlers.o)
    0x0800db3e   0x00000002   Code   RO         1108    i.__scatterload_null  mc_w.l(handlers.o)
    0x0800db40   0x0000000e   Code   RO         1109    i.__scatterload_zeroinit  mc_w.l(handlers.o)
    0x0800db4e   0x00000002   PAD
    0x0800db50   0x0000000c   Code   RO         1085    i.__set_errno       mc_w.l(errno.o)
    0x0800db5c   0x00000018   Code   RO         1045    i.fabs              m_wm.l(fabs.o)
    0x0800db74   0x0000006e   Code   RO         1055    i.sqrt              m_wm.l(sqrt.o)
    0x0800dbe2   0x00000006   PAD
    0x0800dbe8   0x00000050   Data   RO          997    .constdata          m_wm.l(asin.o)
    0x0800dc38   0x00000020   Data   RO         1105    Region$$Table       anon$$obj.o


    Execution Region RW_IRAM1 (Base: 0x20000000, Size: 0x00001898, Max: 0x00020000, ABSOLUTE, COMPRESSED[0x0000049c])

    Base Addr    Size         Type   Attr      Idx    E Section Name        Object

    0x20000000   0x00000001   Data   RW            3    .data               main.o
    0x20000001   0x00000003   PAD
    0x20000004   0x0000000e   Data   RW          144    .data               scheduler.o
    0x20000012   0x00000002   PAD
    0x20000014   0x00000020   Data   RW          271    .data               ctrl.o
    0x20000034   0x00000038   Data   RW          294    .data               imu.o
    0x2000006c   0x00000404   Data   RW          323    .data               mymath.o
    0x20000470   0x00000046   Data   RW          343    .data               rc.o
    0x200004b6   0x00000002   PAD
    0x200004b8   0x0000001b   Data   RW          368    .data               data_transfer.o
    0x200004d3   0x00000001   PAD
    0x200004d4   0x00000014   Data   RW          428    .data               filter.o
    0x200004e8   0x00000064   Data   RW          447    .data               myctrl.o
    0x2000054c   0x00000044   Data   RW          470    .data               height_ctrl.o
    0x20000590   0x00000014   Data   RW          493    .data               time.o
    0x200005a4   0x00000020   Data   RW          532    .data               pwm_in.o
    0x200005c4   0x00000004   Data   RW          558    .data               pwm_out.o
    0x200005c8   0x00000001   Data   RW          583    .data               i2c_soft.o
    0x200005c9   0x00000003   PAD
    0x200005cc   0x0000001c   Data   RW          610    .data               mpu6050.o
    0x200005e8   0x0000004a   Data   RW          638    .data               ak8975.o
    0x20000632   0x00000001   Data   RW          660    .data               led.o
    0x20000633   0x00000004   Data   RW          687    .data               usart.o
    0x20000637   0x00000001   PAD
    0x20000638   0x0000000b   Data   RW          713    .data               ultrasonic.o
    0x20000643   0x00000010   Data   RW          882    .data               stm32f4xx_rcc.o
    0x20000653   0x00000001   PAD
    0x20000654   0x00000014   Data   RW          967    .data               system_stm32f4xx.o
    0x20000668   0x00000004   Data   RW         1086    .data               mc_w.l(errno.o)
    0x2000066c   0x00000024   Zero   RW          143    .bss                scheduler.o
    0x20000690   0x00000100   Zero   RW          227    .bss                parameter.o
    0x20000790   0x00000204   Zero   RW          270    .bss                ctrl.o
    0x20000994   0x00000060   Zero   RW          293    .bss                imu.o
    0x200009f4   0x000000b0   Zero   RW          342    .bss                rc.o
    0x20000aa4   0x00000086   Zero   RW          367    .bss                data_transfer.o
    0x20000b2a   0x00000002   PAD
    0x20000b2c   0x00000058   Zero   RW          427    .bss                filter.o
    0x20000b84   0x00000038   Zero   RW          469    .bss                height_ctrl.o
    0x20000bbc   0x0000003c   Zero   RW          492    .bss                time.o
    0x20000bf8   0x00000010   Zero   RW          531    .bss                pwm_in.o
    0x20000c08   0x00000180   Zero   RW          609    .bss                mpu6050.o
    0x20000d88   0x0000000c   Zero   RW          637    .bss                ak8975.o
    0x20000d94   0x00000300   Zero   RW          686    .bss                usart.o
    0x20001094   0x00000004   PAD
    0x20001098   0x00000800   Zero   RW          987    STACK               startup_stm32f4xx.o


==============================================================================

Image component sizes


      Code (inc. data)   RO Data    RW Data    ZI Data      Debug   Object Name

      1112         34          0         74         12       3080   ak8975.o
      4660        284          0         32        516       4663   ctrl.o
      7076        276          0         27        134      11510   data_transfer.o
       628         26          0         20         88       2571   filter.o
       612         68          0         68         56       3515   height_ctrl.o
       936         10          0          1          0       4458   i2c_soft.o
      2264        142          0         56         96       3113   imu.o
       120         10          0          0          0        603   init.o
       132         10          0          1          0       1107   led.o
        24          4          0          1          0     269880   main.o
       492         74          0          0          0       2153   misc.o
      2172         90          0         28        384      16575   mpu6050.o
       860        134          0        100          0       3787   myctrl.o
      1384        110          0       1028          0       4868   mymath.o
       848         70          0          0        256       4101   parameter.o
      1732        110          0         32         16       2616   pwm_in.o
       896         38          0          4          0       2558   pwm_out.o
      1432        122          0         70        176       3364   rc.o
       564         42          0         14         36       2621   scheduler.o
        36          8        392          0       2048        940   startup_stm32f4xx.o
      2326        132          0          0          0       5329   stm32f4xx_gpio.o
        72          4          0          0          0       1704   stm32f4xx_it.o
      3452        262          0         16          0      13083   stm32f4xx_rcc.o
     12948        670          0          0          0      29360   stm32f4xx_tim.o
      3764        164          0          0          0       9704   stm32f4xx_usart.o
       528         46          0         20          0       2147   system_stm32f4xx.o
       644         42          0         20         60      22581   time.o
       196         30          0         11          0       1449   ultrasonic.o
       812         40          0          4        768       3007   usart.o

    ----------------------------------------------------------------------
     52724       3052        424       1640       4652     436447   Object Totals
         0          0         32          0          0          0   (incl. Generated)
         2          0          0         13          6          0   (incl. Padding)

    ----------------------------------------------------------------------

      Code (inc. data)   RO Data    RW Data    ZI Data      Debug   Library Member Name

       864         94         80          0          0        280   asin.o
        84         16          0          0          0        372   dunder.o
        24          0          0          0          0        124   fabs.o
        48          0          0          0          0        124   fpclassify.o
       248          0          0          0          0        152   poly.o
       110          0          0          0          0        148   sqrt.o
        86          0          0          0          0          0   __dczerorl2.o
         0          0          0          0          0          0   entry.o
         0          0          0          0          0          0   entry10a.o
         0          0          0          0          0          0   entry11a.o
         8          4          0          0          0          0   entry2.o
         4          0          0          0          0          0   entry5.o
         0          0          0          0          0          0   entry7b.o
         0          0          0          0          0          0   entry8b.o
         8          4          0          0          0          0   entry9a.o
        12          6          0          4          0         68   errno.o
        30          0          0          0          0          0   handlers.o
        36          8          0          0          0         68   init.o
         0          0          0          0          0          0   iusefp.o
        30          0          0          0          0         68   llshl.o
        36          0          0          0          0         68   llsshr.o
        32          0          0          0          0         68   llushr.o
        36          0          0          0          0        108   memseta.o
        48          0          0          0          0         68   cdcmple.o
        48          0          0          0          0         68   cdrcmple.o
        56          0          0          0          0         88   d2f.o
       334          0          0          0          0        148   dadd.o
       222          0          0          0          0        100   ddiv.o
       186          0          0          0          0        176   depilogue.o
        34          0          0          0          0         76   dflti.o
       228          0          0          0          0         96   dmul.o
       162          0          0          0          0        100   dsqrt.o
        38          0          0          0          0         68   f2d.o
       110          0          0          0          0        168   fepilogue.o

    ----------------------------------------------------------------------
      3180        132         80          4          0       2804   Library Totals
        18          0          0          0          0          0   (incl. Padding)

    ----------------------------------------------------------------------

      Code (inc. data)   RO Data    RW Data    ZI Data      Debug   Library Name

      1378        110         80          0          0       1200   m_wm.l
       318         22          0          4          0        448   mc_w.l
      1466          0          0          0          0       1156   mf_w.l

    ----------------------------------------------------------------------
      3180        132         80          4          0       2804   Library Totals

    ----------------------------------------------------------------------

==============================================================================


      Code (inc. data)   RO Data    RW Data    ZI Data      Debug   

     55904       3184        504       1644       4652     433607   Grand Totals
     55904       3184        504       1180       4652     433607   ELF Image Totals (compressed)
     55904       3184        504       1180          0          0   ROM Totals

==============================================================================

    Total RO  Size (Code + RO Data)                56408 (  55.09kB)
    Total RW  Size (RW Data + ZI Data)              6296 (   6.15kB)
    Total ROM Size (Code + RO Data + RW Data)      57588 (  56.24kB)

==============================================================================

